Microchip MPLAB XC8 Compiler V2.10 ()

Linker command line:

-W-3 --edf=C:\Program Files (x86)\Microchip\xc8\v2.10\pic\dat\en_msgs.txt \
  -cs -h+dist/default/production\Lab-3.X.production.sym \
  --cmf=dist/default/production\Lab-3.X.production.cmf -z -Q16F887 \
  -oC:\Users\jeffr\AppData\Local\Temp\sa4s.2 --defsym=__MPLAB_BUILD=1 \
  -Mdist/default/production/Lab-3.X.production.map -E1 -ver=XC8 \
  --acfsm=1493 -ASTACK=0110h-016Fh -pstack=STACK -ACODE=00h-07FFhx4 \
  -ASTRCODE=00h-01FFFh -ASTRING=00h-0FFhx32 -ACONST=00h-0FFhx32 \
  -AENTRY=00h-0FFhx32 -ACOMMON=070h-07Fh -ABANK0=020h-06Fh \
  -ABANK1=0A0h-0EFh -ABANK2=0110h-016Fh -ABANK3=0190h-01EFh \
  -ARAM=020h-06Fh,0A0h-0EFh,0110h-016Fh,0190h-01EFh \
  -AABS1=020h-07Fh,0A0h-0EFh,0110h-016Fh,0190h-01EFh -ASFR0=00h-01Fh \
  -ASFR1=080h-09Fh -ASFR2=0100h-010Fh -ASFR3=0180h-018Fh \
  -preset_vec=00h,intentry=04h,init,end_init -ppowerup=CODE -pcinit=CODE \
  -pfunctab=ENTRY -ACONFIG=02007h-02008h -pconfig=CONFIG -DCONFIG=2 \
  -AIDLOC=02000h-02003h -pidloc=IDLOC -DIDLOC=2 -AEEDATA=00h-0FFh/02100h \
  -peeprom_data=EEDATA -DEEDATA=2 -DCODE=2 -DSTRCODE=2 -DSTRING=2 -DCONST=2 \
  -DENTRY=2 -k C:\Users\jeffr\AppData\Local\Temp\sa4s.o \
  dist/default/production\Lab-3.X.production.o 

Object code version is 3.11

Machine type is 16F887



                Name                               Link     Load   Length Selector   Space Scale
C:\Users\jeffr\AppData\Local\Temp\sa4s.o
                end_init                              C        C        3        8       0
                reset_vec                             0        0        3        0       0
                config                             2007     2007        2     400E       0
dist/default/production\Lab-3.X.production.o
                cinit                                 F        F       16        8       0
                intentry                              4        4        8        8       0
                text23                              8E6      8E6       1C     11CC       0
                text22                              89B      89B       18     1136       0
                text21                              8B3      8B3       18     1166       0
                text20                              887      887       14     110E       0
                text19                              85B      85B        D     10B6       0
                text18                              7A6      7A6       4E        8       0
                text17                              944      944       26     1288       0
                text16                              868      868        F     10D0       0
                text15                              9CF      9CF       46     139E       0
                text14                              A15      A15       46     142A       0
                text13                              993      993       3C     1326       0
                text12                              6BC      6BC       EA        8       0
                text11                              902      902       1E     1204       0
                text10                              B93      B93      1DD     1726       0
                text9                               96A      96A       29     12D4       0
                text8                                25       25      361        8       0
                text7                               D70      D70      290     1AE0       0
                text6                               920      920       24     1240       0
                text5                               A5B      A5B       7C     14B6       0
                text4                               AD7      AD7       BC     15AE       0
                text3                               7F4      7F4        B        8       0
                text2                               8CB      8CB       1B     1196       0
                text1                               877      877       10     10EE       0
                maintext                            386      386      336        8       0
                cstackBANK0                          20       20       4C       20       1
                cstackCOMMON                         70       70        8       70       1
                cstackBANK1                          B0       B0        4       A0       1
                clrtext                             853      853        8     10A6       0
                bssBANK1                             A0       A0       10       A0       1
                bssBANK0                             6C       6C        4       20       1
                bssCOMMON                            78       78        3       70       1
                strings                             800      800       2E     1000       0

TOTAL           Name                               Link     Load   Length     Space
        CLASS   STACK          

        CLASS   CODE           
                end_init                              C        C        3         0
                cinit                                 F        F       16         0
                intentry                              4        4        8         0
                reset_vec                             0        0        3         0
                text23                              8E6      8E6       1C         0
                text22                              89B      89B       18         0
                text21                              8B3      8B3       18         0
                text20                              887      887       14         0
                text19                              85B      85B        D         0
                text18                              7A6      7A6       4E         0
                text17                              944      944       26         0
                text16                              868      868        F         0
                text15                              9CF      9CF       46         0
                text14                              A15      A15       46         0
                text13                              993      993       3C         0
                text12                              6BC      6BC       EA         0
                text11                              902      902       1E         0
                text10                              B93      B93      1DD         0
                text9                               96A      96A       29         0
                text8                                25       25      361         0
                text7                               D70      D70      290         0
                text6                               920      920       24         0
                text5                               A5B      A5B       7C         0
                text4                               AD7      AD7       BC         0
                text3                               7F4      7F4        B         0
                text2                               8CB      8CB       1B         0
                text1                               877      877       10         0
                maintext                            386      386      336         0
                clrtext                             853      853        8         0

        CLASS   STRCODE        

        CLASS   STRING         
                strings                             800      800       2E         0

        CLASS   CONST          

        CLASS   ENTRY          

        CLASS   COMMON         
                cstackCOMMON                         70       70        8         1
                bssCOMMON                            78       78        3         1

        CLASS   BANK0          
                cstackBANK0                          20       20       4C         1
                bssBANK0                             6C       6C        4         1

        CLASS   BANK1          
                cstackBANK1                          B0       B0        4         1
                bssBANK1                             A0       A0       10         1

        CLASS   BANK2          

        CLASS   BANK3          

        CLASS   RAM            

        CLASS   ABS1           
                abs_s1                               7E       7E        2         1

        CLASS   SFR0           

        CLASS   SFR1           

        CLASS   SFR2           

        CLASS   SFR3           

        CLASS   CONFIG         
                config                             2007     2007        2         0

        CLASS   IDLOC          

        CLASS   EEDATA         



SEGMENTS        Name                           Load    Length   Top    Selector   Space  Class     Delta

                reset_vec                      000000  000003  000003         0       0  CODE        2
                intentry                       000004  0007FB  0007FF         8       0  CODE        2
                cstackBANK0                    000020  000050  000070        20       1  BANK0       1
                cstackCOMMON                   000070  00000B  00007B        70       1  COMMON      1
                bssBANK1                       0000A0  000014  0000B4        A0       1  BANK1       1
                strings                        000800  00002E  00082E      1000       0  STRING      2
                clrtext                        000853  000008  00085B      10A6       0  CODE        2
                text19                         00085B  00000D  000868      10B6       0  CODE        2
                text16                         000868  00000F  000877      10D0       0  CODE        2
                text1                          000877  000010  000887      10EE       0  CODE        2
                text20                         000887  000014  00089B      110E       0  CODE        2
                text22                         00089B  000018  0008B3      1136       0  CODE        2
                text21                         0008B3  000018  0008CB      1166       0  CODE        2
                text2                          0008CB  00001B  0008E6      1196       0  CODE        2
                text23                         0008E6  00001C  000902      11CC       0  CODE        2
                text11                         000902  00001E  000920      1204       0  CODE        2
                text6                          000920  000024  000944      1240       0  CODE        2
                text17                         000944  000026  00096A      1288       0  CODE        2
                text9                          00096A  000029  000993      12D4       0  CODE        2
                text13                         000993  00003C  0009CF      1326       0  CODE        2
                text15                         0009CF  000046  000A15      139E       0  CODE        2
                text14                         000A15  000046  000A5B      142A       0  CODE        2
                text5                          000A5B  00007C  000AD7      14B6       0  CODE        2
                text4                          000AD7  0000BC  000B93      15AE       0  CODE        2
                text10                         000B93  0001DD  000D70      1726       0  CODE        2
                text7                          000D70  000290  001000      1AE0       0  CODE        2
                config                         002007  000002  002009      400E       0  CONFIG      2


UNUSED ADDRESS RANGES

        Name                Unused          Largest block    Delta
        BANK1            00B4-00EF             3C           1
        BANK2            0110-016F             60           1
        BANK3            0190-01EF             60           1
        CODE             0003-0003              1           2
                         07FF-07FF              1
                         082E-0852             25
                         1000-1FFF            800
        COMMON           007B-007D              3           1
        CONST            0003-0003              1           2
                         07FF-07FF              1
                         082E-0852             25
                         1000-1FFF            100
        EEDATA           2100-21FF            100           2
        ENTRY            0003-0003              1           2
                         07FF-07FF              1
                         082E-0852             25
                         1000-1FFF            100
        IDLOC            2000-2003              4           2
        RAM              00B4-00EF             3C           1
                         0110-016F             60
                         0190-01EF             60
        SFR0             0000-001F             20           1
        SFR1             0080-009F             20           1
        SFR2             0100-010F             10           1
        SFR3             0180-018F             10           1
        STACK            0110-016F             60           1
        STRCODE          0003-0003              1           2
                         07FF-07FF              1
                         082E-0852             25
                         1000-1FFF           1000
        STRING           0003-0003              1           2
                         07FF-07FF              1
                         082E-0852             25
                         1000-1FFF            100

                                  Symbol Table

?__Umul8_16                cstackCOMMON 0073
?___fladd                  cstackBANK0  0020
?___fldiv                  cstackBANK0  0052
?___flmul                  cstackBANK0  0038
?___flsub                  cstackBANK0  0030
?___fltol                  cstackCOMMON 0073
?___lwdiv                  cstackCOMMON 0073
?___lwmod                  cstackBANK0  0023
?___xxtofl                 cstackCOMMON 0073
?_sprintf                  cstackBANK0  0029
Lcd_Cmd@z                  cstackCOMMON 0075
Lcd_Set_Cursor@temp        cstackBANK0  0021
Lcd_Set_Cursor@x           cstackBANK0  0020
Lcd_Set_Cursor@y           cstackCOMMON 0076
Lcd_Write_Char@a           cstackCOMMON 0074
Lcd_Write_Number@str       cstackBANK0  0039
Lcd_Write_Number@var       cstackBANK0  003D
Lcd_Write_String@a         cstackCOMMON 0075
Lcd_Write_String@i         cstackBANK0  0023
_ADC1                      text22       089B
_ADC2                      text21       08B3
_ADCON0bits                (abs)        001F
_ADCON1bits                (abs)        009F
_ADRESH                    (abs)        001E
_ANSEL                     (abs)        0188
_ANSELH                    (abs)        0189
_INTCON                    (abs)        000B
_INTCONbits                (abs)        000B
_ISR                       text23       08E6
_Lcd_Clear                 text19       085B
_Lcd_Cmd                   text20       0887
_Lcd_Init                  text18       07A6
_Lcd_Set_Cursor            text17       0944
_Lcd_Write_Char            text16       0868
_Lcd_Write_Number          text11       0902
_Lcd_Write_String          text15       09CF
_OSCCONbits                (abs)        008F
_PIE1bits                  (abs)        008C
_PIR1bits                  (abs)        000C
_PORTA                     (abs)        0005
_PORTB                     (abs)        0006
_PORTBbits                 (abs)        0006
_PORTC                     (abs)        0007
_PORTD                     (abs)        0008
_RCREG                     (abs)        001A
_RCSTA                     (abs)        0018
_SPBRG                     (abs)        0099
_TRISAbits                 (abs)        0085
_TRISB                     (abs)        0086
_TRISC                     (abs)        0087
_TRISD                     (abs)        0088
_TXREG                     (abs)        0019
_TXSTA                     (abs)        0098
_TXSTAbits                 (abs)        0098
__CFG_BOR4V$BOR40V         (abs)        0000
__CFG_BOREN$OFF            (abs)        0000
__CFG_CP$OFF               (abs)        0000
__CFG_CPD$OFF              (abs)        0000
__CFG_FCMEN$OFF            (abs)        0000
__CFG_FOSC$INTRC_NOCLKOUT  (abs)        0000
__CFG_IESO$OFF             (abs)        0000
__CFG_LVP$OFF              (abs)        0000
__CFG_MCLRE$OFF            (abs)        0000
__CFG_PWRTE$OFF            (abs)        0000
__CFG_WDTE$OFF             (abs)        0000
__CFG_WRT$OFF              (abs)        0000
__Habs1                    abs1         0000
__Hbank0                   bank0        0000
__Hbank1                   bank1        0000
__Hbank2                   bank2        0000
__Hbank3                   bank3        0000
__HbssBANK0                bssBANK0     0000
__HbssBANK1                bssBANK1     0000
__HbssCOMMON               bssCOMMON    0000
__Hcinit                   cinit        0025
__Hclrtext                 clrtext      0000
__Hcode                    code         0000
__Hcommon                  common       0000
__Hconfig                  config       2009
__HcstackBANK0             cstackBANK0  0000
__HcstackBANK1             cstackBANK1  0000
__HcstackCOMMON            cstackCOMMON 0000
__Heeprom_data             eeprom_data  0000
__Hend_init                end_init     000F
__Hfunctab                 functab      0000
__Hidloc                   idloc        0000
__Hinit                    init         000C
__Hintentry                intentry     000C
__Hmaintext                maintext     0000
__Hpowerup                 powerup      0000
__Hram                     ram          0000
__Hreset_vec               reset_vec    0003
__Hsfr0                    sfr0         0000
__Hsfr1                    sfr1         0000
__Hsfr2                    sfr2         0000
__Hsfr3                    sfr3         0000
__Hspace_0                 (abs)        2009
__Hspace_1                 (abs)        00B4
__Hspace_2                 (abs)        0000
__Hspace_3                 (abs)        0000
__Hstack                   stack        0000
__Hstrings                 strings      0000
__Htext                    text         0000
__Labs1                    abs1         0000
__Lbank0                   bank0        0000
__Lbank1                   bank1        0000
__Lbank2                   bank2        0000
__Lbank3                   bank3        0000
__LbssBANK0                bssBANK0     0000
__LbssBANK1                bssBANK1     0000
__LbssCOMMON               bssCOMMON    0000
__Lcinit                   cinit        000F
__Lclrtext                 clrtext      0000
__Lcode                    code         0000
__Lcommon                  common       0000
__Lconfig                  config       2007
__LcstackBANK0             cstackBANK0  0000
__LcstackBANK1             cstackBANK1  0000
__LcstackCOMMON            cstackCOMMON 0000
__Leeprom_data             eeprom_data  0000
__Lend_init                end_init     000C
__Lfunctab                 functab      0000
__Lidloc                   idloc        0000
__Linit                    init         000C
__Lintentry                intentry     0004
__Lmaintext                maintext     0000
__Lpowerup                 powerup      0000
__Lram                     ram          0000
__Lreset_vec               reset_vec    0000
__Lsfr0                    sfr0         0000
__Lsfr1                    sfr1         0000
__Lsfr2                    sfr2         0000
__Lsfr3                    sfr3         0000
__Lspace_0                 (abs)        0000
__Lspace_1                 (abs)        0000
__Lspace_2                 (abs)        0000
__Lspace_3                 (abs)        0000
__Lstack                   stack        0000
__Lstrings                 strings      0000
__Ltext                    text         0000
__S0                       (abs)        2009
__S1                       (abs)        00B4
__S2                       (abs)        0000
__S3                       (abs)        0000
__Umul8_16                 text9        096A
__Umul8_16@multiplicand    cstackCOMMON 0073
__Umul8_16@multiplier      cstackBANK0  0024
__Umul8_16@product         cstackBANK0  0020
__Umul8_16@word_mpld       cstackBANK0  0022
___fladd                   text7        0D70
___fladd@a                 cstackBANK0  0024
___fladd@aexp              cstackCOMMON 0074
___fladd@b                 cstackBANK0  0020
___fladd@bexp              cstackCOMMON 0075
___fladd@grs               cstackCOMMON 0076
___fladd@signs             cstackCOMMON 0073
___fldiv                   text10       0B93
___fldiv@a                 cstackBANK0  0052
___fldiv@aexp              cstackBANK0  006B
___fldiv@b                 cstackBANK0  0056
___fldiv@bexp              cstackBANK0  006A
___fldiv@grs               cstackBANK0  0066
___fldiv@new_exp           cstackBANK0  0064
___fldiv@rem               cstackBANK0  005F
___fldiv@sign              cstackBANK0  0063
___flmul                   text8        0025
___flmul@a                 cstackBANK0  003C
___flmul@aexp              cstackBANK0  004A
___flmul@b                 cstackBANK0  0038
___flmul@bexp              cstackBANK0  004B
___flmul@grs               cstackBANK0  0046
___flmul@prod              cstackBANK0  004C
___flmul@sign              cstackBANK0  0045
___flmul@temp              cstackBANK0  0050
___flsub                   text6        0920
___flsub@a                 cstackBANK0  0030
___flsub@b                 cstackBANK0  0034
___fltol                   text5        0A5B
___fltol@exp1              cstackBANK0  0026
___fltol@f1                cstackCOMMON 0073
___fltol@sign1             cstackBANK0  0025
___int_sp                  stack        0000
___latbits                 (abs)        0002
___lwdiv                   text14       0A15
___lwdiv@counter           cstackBANK0  0020
___lwdiv@dividend          cstackCOMMON 0075
___lwdiv@divisor           cstackCOMMON 0073
___lwdiv@quotient          cstackBANK0  0021
___lwmod                   text13       0993
___lwmod@counter           cstackBANK0  0028
___lwmod@dividend          cstackBANK0  0025
___lwmod@divisor           cstackBANK0  0023
___sp                      stack        0000
___stackhi                 (abs)        0000
___stacklo                 (abs)        0000
___xxtofl                  text4        0AD7
___xxtofl@arg              cstackBANK0  0026
___xxtofl@exp              cstackBANK0  0025
___xxtofl@sign             cstackBANK0  0024
___xxtofl@val              cstackCOMMON 0073
__end_of_ADC1              text22       08B3
__end_of_ADC2              text21       08CB
__end_of_ISR               text23       0902
__end_of_Lcd_Clear         text19       0868
__end_of_Lcd_Cmd           text20       089B
__end_of_Lcd_Init          text18       07F4
__end_of_Lcd_Set_Cursor    text17       096A
__end_of_Lcd_Write_Char    text16       0877
__end_of_Lcd_Write_Number  text11       0920
__end_of_Lcd_Write_String  text15       0A15
__end_of__Umul8_16         text9        0993
__end_of___fladd           text7        1000
__end_of___fldiv           text10       0D70
__end_of___flmul           text8        0386
__end_of___flsub           text6        0944
__end_of___fltol           text5        0AD7
__end_of___lwdiv           text14       0A5B
__end_of___lwmod           text13       09CF
__end_of___xxtofl          text4        0B93
__end_of__initialization   cinit        0021
__end_of__stringtab        strings      0810
__end_of_dpowers           strings      081A
__end_of_enviar            text3        07FF
__end_of_init              text2        08E6
__end_of_main              maintext     06BC
__end_of_serial            text1        0887
__end_of_sprintf           text12       07A6
__initialization           cinit        000F
__pbssBANK0                bssBANK0     006C
__pbssBANK1                bssBANK1     00A0
__pbssCOMMON               bssCOMMON    0078
__pcstackBANK0             cstackBANK0  0020
__pcstackBANK1             cstackBANK1  00B0
__pcstackCOMMON            cstackCOMMON 0070
__pintentry                intentry     0004
__pmaintext                maintext     0386
__pstrings                 strings      0800
__ptext1                   text1        0877
__ptext10                  text10       0B93
__ptext11                  text11       0902
__ptext12                  text12       06BC
__ptext13                  text13       0993
__ptext14                  text14       0A15
__ptext15                  text15       09CF
__ptext16                  text16       0868
__ptext17                  text17       0944
__ptext18                  text18       07A6
__ptext19                  text19       085B
__ptext2                   text2        08CB
__ptext20                  text20       0887
__ptext21                  text21       08B3
__ptext22                  text22       089B
__ptext23                  text23       08E6
__ptext3                   text3        07F4
__ptext4                   text4        0AD7
__ptext5                   text5        0A5B
__ptext6                   text6        0920
__ptext7                   text7        0D70
__ptext8                   text8        0025
__ptext9                   text9        096A
__size_of_ADC1             (abs)        0000
__size_of_ADC2             (abs)        0000
__size_of_ISR              (abs)        0000
__size_of_Lcd_Clear        (abs)        0000
__size_of_Lcd_Cmd          (abs)        0000
__size_of_Lcd_Init         (abs)        0000
__size_of_Lcd_Set_Cursor   (abs)        0000
__size_of_Lcd_Write_Char   (abs)        0000
__size_of_Lcd_Write_Number (abs)        0000
__size_of_Lcd_Write_String (abs)        0000
__size_of__Umul8_16        (abs)        0000
__size_of___fladd          (abs)        0000
__size_of___fldiv          (abs)        0000
__size_of___flmul          (abs)        0000
__size_of___flsub          (abs)        0000
__size_of___fltol          (abs)        0000
__size_of___lwdiv          (abs)        0000
__size_of___lwmod          (abs)        0000
__size_of___xxtofl         (abs)        0000
__size_of_enviar           (abs)        0000
__size_of_init             (abs)        0000
__size_of_main             (abs)        0000
__size_of_serial           (abs)        0000
__size_of_sprintf          (abs)        0000
__stringbase               strings      080F
__stringtab                strings      0800
_adc                       bssCOMMON    007A
_cont                      bssBANK0     006C
_datos                     bssBANK0     006D
_dec1                      bssBANK0     006F
_dec2                      bssBANK0     006E
_deci1                     bssBANK1     00A4
_deci2                     bssBANK1     00A0
_dpowers                   strings      0810
_ent1                      bssCOMMON    0079
_ent2                      bssCOMMON    0078
_enviar                    text3        07F4
_init                      text2        08CB
_main                      maintext     0386
_pot1                      bssBANK1     00AC
_pot2                      bssBANK1     00A8
_serial                    text1        0877
_sprintf                   text12       06BC
btemp                      (abs)        007E
clear_ram0                 clrtext      0853
end_of_initialization      cinit        0021
enviar@dat                 cstackCOMMON 0073
interrupt_function         intentry     0004
intlevel0                  functab      0000
intlevel1                  functab      0000
intlevel2                  functab      0000
intlevel3                  functab      0000
intlevel4                  functab      0000
intlevel5                  functab      0000
reset_vec                  reset_vec    0000
saved_w                    (abs)        007E
sprintf@ap                 cstackBANK0  002F
sprintf@c                  cstackBANK0  0035
sprintf@f                  cstackBANK0  0029
sprintf@flag               cstackBANK0  0030
sprintf@prec               cstackBANK0  0031
sprintf@sp                 cstackBANK0  0034
sprintf@val                cstackBANK0  0032
start                      init         000C
start_initialization       cinit        000F
wtemp0                     (abs)        007E


FUNCTION INFORMATION:

 *************** function _main *****************
 Defined at:
		line 69 in file "main.c"
 Parameters:    Size  Location     Type
		None
 Auto vars:     Size  Location     Type
		None
 Return value:  Size  Location     Type
                  1    wreg      void 
 Registers used:
		wreg, fsr0l, fsr0h, status,2, status,0, btemp+1, pclath, cstack
 Tracked objects:
		On entry : 
		On exit  : 
		Unchanged: 
 Data sizes:     COMMON   BANK0   BANK1   BANK3   BANK2
      Params:         0       0       0       0       0
      Locals:         0       0       0       0       0
      Temps:          0       0       4       0       0
      Totals:         0       0       4       0       0
Total ram usage:        4 bytes
 Hardware stack levels required when called:    4
 This function calls:
		_ADC1
		_ADC2
		_Lcd_Clear
		_Lcd_Init
		_Lcd_Set_Cursor
		_Lcd_Write_Char
		_Lcd_Write_Number
		_Lcd_Write_String
		___fldiv
		___flmul
		___flsub
		___fltol
		___xxtofl
		_enviar
		_init
		_serial
 This function is called by:
		Startup code after reset
 This function uses a non-reentrant model


 *************** function _serial *****************
 Defined at:
		line 7 in file "USART.c"
 Parameters:    Size  Location     Type
		None
 Auto vars:     Size  Location     Type
		None
 Return value:  Size  Location     Type
                  1    wreg      void 
 Registers used:
		wreg
 Tracked objects:
		On entry : 
		On exit  : 
		Unchanged: 
 Data sizes:     COMMON   BANK0   BANK1   BANK3   BANK2
      Params:         0       0       0       0       0
      Locals:         0       0       0       0       0
      Temps:          0       0       0       0       0
      Totals:         0       0       0       0       0
Total ram usage:        0 bytes
 Hardware stack levels used:    1
 Hardware stack levels required when called:    1
 This function calls:
		Nothing
 This function is called by:
		_main
 This function uses a non-reentrant model


 *************** function _init *****************
 Defined at:
		line 142 in file "main.c"
 Parameters:    Size  Location     Type
		None
 Auto vars:     Size  Location     Type
		None
 Return value:  Size  Location     Type
                  1    wreg      void 
 Registers used:
		wreg, status,2, status,0
 Tracked objects:
		On entry : 
		On exit  : 
		Unchanged: 
 Data sizes:     COMMON   BANK0   BANK1   BANK3   BANK2
      Params:         0       0       0       0       0
      Locals:         0       0       0       0       0
      Temps:          0       0       0       0       0
      Totals:         0       0       0       0       0
Total ram usage:        0 bytes
 Hardware stack levels used:    1
 Hardware stack levels required when called:    1
 This function calls:
		Nothing
 This function is called by:
		_main
 This function uses a non-reentrant model


 *************** function _enviar *****************
 Defined at:
		line 17 in file "USART.c"
 Parameters:    Size  Location     Type
  dat             2    3[COMMON] int 
 Auto vars:     Size  Location     Type
		None
 Return value:  Size  Location     Type
                  1    wreg      void 
 Registers used:
		wreg
 Tracked objects:
		On entry : 
		On exit  : 
		Unchanged: 
 Data sizes:     COMMON   BANK0   BANK1   BANK3   BANK2
      Params:         2       0       0       0       0
      Locals:         0       0       0       0       0
      Temps:          0       0       0       0       0
      Totals:         2       0       0       0       0
Total ram usage:        2 bytes
 Hardware stack levels used:    1
 Hardware stack levels required when called:    1
 This function calls:
		Nothing
 This function is called by:
		_main
 This function uses a non-reentrant model


 *************** function ___xxtofl *****************
 Defined at:
		line 10 in file "C:\Program Files (x86)\Microchip\xc8\v2.10\pic\sources\c90\common\xxtofl.c"
 Parameters:    Size  Location     Type
  sign            1    wreg     unsigned char 
  val             4    3[COMMON] long 
 Auto vars:     Size  Location     Type
  sign            1    4[BANK0 ] unsigned char 
  arg             4    6[BANK0 ] unsigned long 
  exp             1    5[BANK0 ] unsigned char 
 Return value:  Size  Location     Type
                  4    3[COMMON] unsigned char 
 Registers used:
		wreg, status,2, status,0
 Tracked objects:
		On entry : 
		On exit  : 
		Unchanged: 
 Data sizes:     COMMON   BANK0   BANK1   BANK3   BANK2
      Params:         4       0       0       0       0
      Locals:         0       6       0       0       0
      Temps:          0       4       0       0       0
      Totals:         4      10       0       0       0
Total ram usage:       14 bytes
 Hardware stack levels used:    1
 Hardware stack levels required when called:    1
 This function calls:
		Nothing
 This function is called by:
		_main
 This function uses a non-reentrant model


 *************** function ___fltol *****************
 Defined at:
		line 43 in file "C:\Program Files (x86)\Microchip\xc8\v2.10\pic\sources\c90\common\fltol.c"
 Parameters:    Size  Location     Type
  f1              4    3[COMMON] unsigned char 
 Auto vars:     Size  Location     Type
  exp1            1    6[BANK0 ] unsigned char 
  sign1           1    5[BANK0 ] unsigned char 
 Return value:  Size  Location     Type
                  4    3[COMMON] long 
 Registers used:
		wreg, status,2, status,0
 Tracked objects:
		On entry : 
		On exit  : 
		Unchanged: 
 Data sizes:     COMMON   BANK0   BANK1   BANK3   BANK2
      Params:         4       0       0       0       0
      Locals:         0       2       0       0       0
      Temps:          0       5       0       0       0
      Totals:         4       7       0       0       0
Total ram usage:       11 bytes
 Hardware stack levels used:    1
 Hardware stack levels required when called:    1
 This function calls:
		Nothing
 This function is called by:
		_main
 This function uses a non-reentrant model


 *************** function ___flsub *****************
 Defined at:
		line 242 in file "C:\Program Files (x86)\Microchip\xc8\v2.10\pic\sources\c90\common\sprcadd.c"
 Parameters:    Size  Location     Type
  a               4   16[BANK0 ] long 
  b               4   20[BANK0 ] long 
 Auto vars:     Size  Location     Type
		None
 Return value:  Size  Location     Type
                  4   16[BANK0 ] long 
 Registers used:
		wreg, status,2, status,0, btemp+1, pclath, cstack
 Tracked objects:
		On entry : 
		On exit  : 
		Unchanged: 
 Data sizes:     COMMON   BANK0   BANK1   BANK3   BANK2
      Params:         0       8       0       0       0
      Locals:         0       0       0       0       0
      Temps:          0       0       0       0       0
      Totals:         0       8       0       0       0
Total ram usage:        8 bytes
 Hardware stack levels used:    1
 Hardware stack levels required when called:    2
 This function calls:
		___fladd
 This function is called by:
		_main
 This function uses a non-reentrant model


 *************** function ___fladd *****************
 Defined at:
		line 10 in file "C:\Program Files (x86)\Microchip\xc8\v2.10\pic\sources\c90\common\sprcadd.c"
 Parameters:    Size  Location     Type
  b               4    0[BANK0 ] long 
  a               4    4[BANK0 ] long 
 Auto vars:     Size  Location     Type
  grs             1    6[COMMON] unsigned char 
  bexp            1    5[COMMON] unsigned char 
  aexp            1    4[COMMON] unsigned char 
  signs           1    3[COMMON] unsigned char 
 Return value:  Size  Location     Type
                  4    0[BANK0 ] unsigned char 
 Registers used:
		wreg, status,2, status,0, btemp+1
 Tracked objects:
		On entry : 
		On exit  : 
		Unchanged: 
 Data sizes:     COMMON   BANK0   BANK1   BANK3   BANK2
      Params:         0       8       0       0       0
      Locals:         4       0       0       0       0
      Temps:          0       8       0       0       0
      Totals:         4      16       0       0       0
Total ram usage:       20 bytes
 Hardware stack levels used:    1
 Hardware stack levels required when called:    1
 This function calls:
		Nothing
 This function is called by:
		___flsub
 This function uses a non-reentrant model


 *************** function ___flmul *****************
 Defined at:
		line 8 in file "C:\Program Files (x86)\Microchip\xc8\v2.10\pic\sources\c90\common\sprcmul.c"
 Parameters:    Size  Location     Type
  b               4   24[BANK0 ] unsigned char 
  a               4   28[BANK0 ] unsigned char 
 Auto vars:     Size  Location     Type
  prod            4   44[BANK0 ] struct .
  grs             4   38[BANK0 ] unsigned long 
  temp            2   48[BANK0 ] struct .
  bexp            1   43[BANK0 ] unsigned char 
  aexp            1   42[BANK0 ] unsigned char 
  sign            1   37[BANK0 ] unsigned char 
 Return value:  Size  Location     Type
                  4   24[BANK0 ] unsigned char 
 Registers used:
		wreg, status,2, status,0, btemp+1, pclath, cstack
 Tracked objects:
		On entry : 
		On exit  : 
		Unchanged: 
 Data sizes:     COMMON   BANK0   BANK1   BANK3   BANK2
      Params:         0       8       0       0       0
      Locals:         0      13       0       0       0
      Temps:          0       5       0       0       0
      Totals:         0      26       0       0       0
Total ram usage:       26 bytes
 Hardware stack levels used:    1
 Hardware stack levels required when called:    2
 This function calls:
		__Umul8_16
 This function is called by:
		_main
 This function uses a non-reentrant model


 *************** function __Umul8_16 *****************
 Defined at:
		line 4 in file "C:\Program Files (x86)\Microchip\xc8\v2.10\pic\sources\c90\common\Umul8_16.c"
 Parameters:    Size  Location     Type
  multiplier      1    wreg     unsigned char 
  multiplicand    1    3[COMMON] unsigned char 
 Auto vars:     Size  Location     Type
  multiplier      1    4[BANK0 ] unsigned char 
  word_mpld       2    2[BANK0 ] unsigned int 
  product         2    0[BANK0 ] unsigned int 
 Return value:  Size  Location     Type
                  2    3[COMMON] unsigned int 
 Registers used:
		wreg, status,2, status,0
 Tracked objects:
		On entry : 
		On exit  : 
		Unchanged: 
 Data sizes:     COMMON   BANK0   BANK1   BANK3   BANK2
      Params:         2       0       0       0       0
      Locals:         0       5       0       0       0
      Temps:          2       0       0       0       0
      Totals:         4       5       0       0       0
Total ram usage:        9 bytes
 Hardware stack levels used:    1
 Hardware stack levels required when called:    1
 This function calls:
		Nothing
 This function is called by:
		___flmul
 This function uses a non-reentrant model


 *************** function ___fldiv *****************
 Defined at:
		line 8 in file "C:\Program Files (x86)\Microchip\xc8\v2.10\pic\sources\c90\common\sprcdiv.c"
 Parameters:    Size  Location     Type
  a               4   50[BANK0 ] unsigned int 
  b               4   54[BANK0 ] unsigned int 
 Auto vars:     Size  Location     Type
  grs             4   70[BANK0 ] unsigned long 
  rem             4   63[BANK0 ] unsigned long 
  new_exp         2   68[BANK0 ] int 
  aexp            1   75[BANK0 ] unsigned char 
  bexp            1   74[BANK0 ] unsigned char 
  sign            1   67[BANK0 ] unsigned char 
 Return value:  Size  Location     Type
                  4   50[BANK0 ] unsigned char 
 Registers used:
		wreg, status,2, status,0, btemp+1
 Tracked objects:
		On entry : 
		On exit  : 
		Unchanged: 
 Data sizes:     COMMON   BANK0   BANK1   BANK3   BANK2
      Params:         0       8       0       0       0
      Locals:         0      13       0       0       0
      Temps:          0       5       0       0       0
      Totals:         0      26       0       0       0
Total ram usage:       26 bytes
 Hardware stack levels used:    1
 Hardware stack levels required when called:    1
 This function calls:
		Nothing
 This function is called by:
		_main
 This function uses a non-reentrant model


 *************** function _Lcd_Write_Number *****************
 Defined at:
		line 72 in file "LCD8bits.c"
 Parameters:    Size  Location     Type
  var             1    wreg     unsigned char 
 Auto vars:     Size  Location     Type
  var             1   29[BANK0 ] unsigned char 
  str             4   25[BANK0 ] unsigned char [4]
 Return value:  Size  Location     Type
                  1    wreg      void 
 Registers used:
		wreg, fsr0l, fsr0h, status,2, status,0, btemp+1, pclath, cstack
 Tracked objects:
		On entry : 
		On exit  : 
		Unchanged: 
 Data sizes:     COMMON   BANK0   BANK1   BANK3   BANK2
      Params:         0       0       0       0       0
      Locals:         0       5       0       0       0
      Temps:          0       3       0       0       0
      Totals:         0       8       0       0       0
Total ram usage:        8 bytes
 Hardware stack levels used:    1
 Hardware stack levels required when called:    3
 This function calls:
		_Lcd_Write_String
		_sprintf
 This function is called by:
		_main
 This function uses a non-reentrant model


 *************** function _sprintf *****************
 Defined at:
		line 505 in file "C:\Program Files (x86)\Microchip\xc8\v2.10\pic\sources\c90\common\doprnt.c"
 Parameters:    Size  Location     Type
  sp              1    wreg     PTR unsigned char 
		 -> Lcd_Write_Number@str(4), 
  f               1    9[BANK0 ] PTR const unsigned char 
		 -> STR_6(3), 
 Auto vars:     Size  Location     Type
  sp              1   20[BANK0 ] PTR unsigned char 
		 -> Lcd_Write_Number@str(4), 
  tmpval          4    0        struct .
  val             2   18[BANK0 ] unsigned int 
  cp              2    0        PTR const unsigned char 
  len             2    0        unsigned int 
  c               1   21[BANK0 ] unsigned char 
  prec            1   17[BANK0 ] char 
  flag            1   16[BANK0 ] unsigned char 
  ap              1   15[BANK0 ] PTR void [1]
		 -> ?_sprintf(2), 
 Return value:  Size  Location     Type
                  2    9[BANK0 ] int 
 Registers used:
		wreg, fsr0l, fsr0h, status,2, status,0, btemp+1, pclath, cstack
 Tracked objects:
		On entry : 
		On exit  : 
		Unchanged: 
 Data sizes:     COMMON   BANK0   BANK1   BANK3   BANK2
      Params:         0       3       0       0       0
      Locals:         0       7       0       0       0
      Temps:          0       3       0       0       0
      Totals:         0      13       0       0       0
Total ram usage:       13 bytes
 Hardware stack levels used:    1
 Hardware stack levels required when called:    2
 This function calls:
		___lwdiv
		___lwmod
 This function is called by:
		_Lcd_Write_Number
 This function uses a non-reentrant model


 *************** function ___lwmod *****************
 Defined at:
		line 5 in file "C:\Program Files (x86)\Microchip\xc8\v2.10\pic\sources\c90\common\lwmod.c"
 Parameters:    Size  Location     Type
  divisor         2    3[BANK0 ] unsigned int 
  dividend        2    5[BANK0 ] unsigned int 
 Auto vars:     Size  Location     Type
  counter         1    8[BANK0 ] unsigned char 
 Return value:  Size  Location     Type
                  2    3[BANK0 ] unsigned int 
 Registers used:
		wreg, status,2, status,0
 Tracked objects:
		On entry : 
		On exit  : 
		Unchanged: 
 Data sizes:     COMMON   BANK0   BANK1   BANK3   BANK2
      Params:         0       4       0       0       0
      Locals:         0       1       0       0       0
      Temps:          0       1       0       0       0
      Totals:         0       6       0       0       0
Total ram usage:        6 bytes
 Hardware stack levels used:    1
 Hardware stack levels required when called:    1
 This function calls:
		Nothing
 This function is called by:
		_sprintf
 This function uses a non-reentrant model


 *************** function ___lwdiv *****************
 Defined at:
		line 5 in file "C:\Program Files (x86)\Microchip\xc8\v2.10\pic\sources\c90\common\lwdiv.c"
 Parameters:    Size  Location     Type
  divisor         2    3[COMMON] unsigned int 
  dividend        2    5[COMMON] unsigned int 
 Auto vars:     Size  Location     Type
  quotient        2    1[BANK0 ] unsigned int 
  counter         1    0[BANK0 ] unsigned char 
 Return value:  Size  Location     Type
                  2    3[COMMON] unsigned int 
 Registers used:
		wreg, status,2, status,0
 Tracked objects:
		On entry : 
		On exit  : 
		Unchanged: 
 Data sizes:     COMMON   BANK0   BANK1   BANK3   BANK2
      Params:         4       0       0       0       0
      Locals:         0       3       0       0       0
      Temps:          1       0       0       0       0
      Totals:         5       3       0       0       0
Total ram usage:        8 bytes
 Hardware stack levels used:    1
 Hardware stack levels required when called:    1
 This function calls:
		Nothing
 This function is called by:
		_sprintf
 This function uses a non-reentrant model


 *************** function _Lcd_Write_String *****************
 Defined at:
		line 65 in file "LCD8bits.c"
 Parameters:    Size  Location     Type
  a               2    5[COMMON] PTR unsigned char 
		 -> Lcd_Write_Number@str(4), STR_3(5), STR_2(5), STR_1(5), 
 Auto vars:     Size  Location     Type
  i               2    3[BANK0 ] int 
 Return value:  Size  Location     Type
                  1    wreg      void 
 Registers used:
		wreg, fsr0l, fsr0h, status,2, status,0, btemp+1, pclath, cstack
 Tracked objects:
		On entry : 
		On exit  : 
		Unchanged: 
 Data sizes:     COMMON   BANK0   BANK1   BANK3   BANK2
      Params:         2       0       0       0       0
      Locals:         0       2       0       0       0
      Temps:          0       3       0       0       0
      Totals:         2       5       0       0       0
Total ram usage:        7 bytes
 Hardware stack levels used:    1
 Hardware stack levels required when called:    2
 This function calls:
		_Lcd_Write_Char
 This function is called by:
		_main
		_Lcd_Write_Number
 This function uses a non-reentrant model


 *************** function _Lcd_Write_Char *****************
 Defined at:
		line 56 in file "LCD8bits.c"
 Parameters:    Size  Location     Type
  a               1    wreg     unsigned char 
 Auto vars:     Size  Location     Type
  a               1    4[COMMON] unsigned char 
 Return value:  Size  Location     Type
                  1    wreg      void 
 Registers used:
		wreg
 Tracked objects:
		On entry : 
		On exit  : 
		Unchanged: 
 Data sizes:     COMMON   BANK0   BANK1   BANK3   BANK2
      Params:         0       0       0       0       0
      Locals:         1       0       0       0       0
      Temps:          1       0       0       0       0
      Totals:         2       0       0       0       0
Total ram usage:        2 bytes
 Hardware stack levels used:    1
 Hardware stack levels required when called:    1
 This function calls:
		Nothing
 This function is called by:
		_main
		_Lcd_Write_String
 This function uses a non-reentrant model


 *************** function _Lcd_Set_Cursor *****************
 Defined at:
		line 24 in file "LCD8bits.c"
 Parameters:    Size  Location     Type
  x               1    wreg     unsigned char 
  y               1    6[COMMON] unsigned char 
 Auto vars:     Size  Location     Type
  x               1    0[BANK0 ] unsigned char 
  temp            1    1[BANK0 ] unsigned char 
 Return value:  Size  Location     Type
                  1    wreg      void 
 Registers used:
		wreg, status,2, status,0, pclath, cstack
 Tracked objects:
		On entry : 
		On exit  : 
		Unchanged: 
 Data sizes:     COMMON   BANK0   BANK1   BANK3   BANK2
      Params:         1       0       0       0       0
      Locals:         0       2       0       0       0
      Temps:          1       0       0       0       0
      Totals:         2       2       0       0       0
Total ram usage:        4 bytes
 Hardware stack levels used:    1
 Hardware stack levels required when called:    2
 This function calls:
		_Lcd_Cmd
 This function is called by:
		_main
 This function uses a non-reentrant model


 *************** function _Lcd_Init *****************
 Defined at:
		line 39 in file "LCD8bits.c"
 Parameters:    Size  Location     Type
		None
 Auto vars:     Size  Location     Type
		None
 Return value:  Size  Location     Type
                  1    wreg      void 
 Registers used:
		wreg, status,2, status,0, pclath, cstack
 Tracked objects:
		On entry : 
		On exit  : 
		Unchanged: 
 Data sizes:     COMMON   BANK0   BANK1   BANK3   BANK2
      Params:         0       0       0       0       0
      Locals:         0       0       0       0       0
      Temps:          2       0       0       0       0
      Totals:         2       0       0       0       0
Total ram usage:        2 bytes
 Hardware stack levels used:    1
 Hardware stack levels required when called:    2
 This function calls:
		_Lcd_Cmd
 This function is called by:
		_main
 This function uses a non-reentrant model


 *************** function _Lcd_Clear *****************
 Defined at:
		line 18 in file "LCD8bits.c"
 Parameters:    Size  Location     Type
		None
 Auto vars:     Size  Location     Type
		None
 Return value:  Size  Location     Type
                  1    wreg      void 
 Registers used:
		wreg, status,2, status,0, pclath, cstack
 Tracked objects:
		On entry : 
		On exit  : 
		Unchanged: 
 Data sizes:     COMMON   BANK0   BANK1   BANK3   BANK2
      Params:         0       0       0       0       0
      Locals:         0       0       0       0       0
      Temps:          0       0       0       0       0
      Totals:         0       0       0       0       0
Total ram usage:        0 bytes
 Hardware stack levels used:    1
 Hardware stack levels required when called:    2
 This function calls:
		_Lcd_Cmd
 This function is called by:
		_main
 This function uses a non-reentrant model


 *************** function _Lcd_Cmd *****************
 Defined at:
		line 9 in file "LCD8bits.c"
 Parameters:    Size  Location     Type
  z               1    wreg     unsigned char 
 Auto vars:     Size  Location     Type
  z               1    5[COMMON] unsigned char 
 Return value:  Size  Location     Type
                  1    wreg      void 
 Registers used:
		wreg
 Tracked objects:
		On entry : 
		On exit  : 
		Unchanged: 
 Data sizes:     COMMON   BANK0   BANK1   BANK3   BANK2
      Params:         0       0       0       0       0
      Locals:         1       0       0       0       0
      Temps:          2       0       0       0       0
      Totals:         3       0       0       0       0
Total ram usage:        3 bytes
 Hardware stack levels used:    1
 Hardware stack levels required when called:    1
 This function calls:
		Nothing
 This function is called by:
		_Lcd_Clear
		_Lcd_Set_Cursor
		_Lcd_Init
 This function uses a non-reentrant model


 *************** function _ADC2 *****************
 Defined at:
		line 27 in file "ADC.c"
 Parameters:    Size  Location     Type
		None
 Auto vars:     Size  Location     Type
		None
 Return value:  Size  Location     Type
                  1    wreg      void 
 Registers used:
		wreg, status,2, status,0
 Tracked objects:
		On entry : 
		On exit  : 
		Unchanged: 
 Data sizes:     COMMON   BANK0   BANK1   BANK3   BANK2
      Params:         0       0       0       0       0
      Locals:         0       0       0       0       0
      Temps:          0       0       0       0       0
      Totals:         0       0       0       0       0
Total ram usage:        0 bytes
 Hardware stack levels used:    1
 Hardware stack levels required when called:    1
 This function calls:
		Nothing
 This function is called by:
		_main
 This function uses a non-reentrant model


 *************** function _ADC1 *****************
 Defined at:
		line 5 in file "ADC.c"
 Parameters:    Size  Location     Type
		None
 Auto vars:     Size  Location     Type
		None
 Return value:  Size  Location     Type
                  1    wreg      void 
 Registers used:
		wreg, status,2, status,0
 Tracked objects:
		On entry : 
		On exit  : 
		Unchanged: 
 Data sizes:     COMMON   BANK0   BANK1   BANK3   BANK2
      Params:         0       0       0       0       0
      Locals:         0       0       0       0       0
      Temps:          0       0       0       0       0
      Totals:         0       0       0       0       0
Total ram usage:        0 bytes
 Hardware stack levels used:    1
 Hardware stack levels required when called:    1
 This function calls:
		Nothing
 This function is called by:
		_main
 This function uses a non-reentrant model


 *************** function _ISR *****************
 Defined at:
		line 53 in file "main.c"
 Parameters:    Size  Location     Type
		None
 Auto vars:     Size  Location     Type
		None
 Return value:  Size  Location     Type
                  1    wreg      void 
 Registers used:
		wreg
 Tracked objects:
		On entry : 
		On exit  : 
		Unchanged: 
 Data sizes:     COMMON   BANK0   BANK1   BANK3   BANK2
      Params:         0       0       0       0       0
      Locals:         0       0       0       0       0
      Temps:          3       0       0       0       0
      Totals:         3       0       0       0       0
Total ram usage:        3 bytes
 Hardware stack levels used:    1
 This function calls:
		Nothing
 This function is called by:
		Interrupt level 1
 This function uses a non-reentrant model



MODULE INFORMATION

Module		Function		Class		Link	Load	Size
USART.c
		_serial        		CODE           	0877	0000	17
		_enviar        		CODE           	07F4	0000	12

USART.c estimated size: 29

C:\Program Files (x86)\Microchip\xc8\v2.10\pic\sources\c90\common\lwdiv.c
		___lwdiv       		CODE           	0A15	0000	71

C:\Program Files (x86)\Microchip\xc8\v2.10\pic\sources\c90\common\lwdiv.c estimated size: 71

C:\Program Files (x86)\Microchip\xc8\v2.10\pic\sources\c90\common\fltol.c
		___fltol       		CODE           	0A5B	0000	125

C:\Program Files (x86)\Microchip\xc8\v2.10\pic\sources\c90\common\fltol.c estimated size: 125

LCD8bits.c
		_Lcd_Write_String		CODE           	09CF	0000	71
		_Lcd_Write_Number		CODE           	0902	0000	31
		_Lcd_Init      		CODE           	07A6	0000	79
		_Lcd_Write_Char		CODE           	0868	0000	16
		_Lcd_Cmd       		CODE           	0887	0000	21
		_Lcd_Set_Cursor		CODE           	0944	0000	39
		_Lcd_Clear     		CODE           	085B	0000	14

LCD8bits.c estimated size: 271

C:\Program Files (x86)\Microchip\xc8\v2.10\pic\sources\c90\common\sprcmul.c
		___flmul       		CODE           	0025	0000	866

C:\Program Files (x86)\Microchip\xc8\v2.10\pic\sources\c90\common\sprcmul.c estimated size: 866

C:\Program Files (x86)\Microchip\xc8\v2.10\pic\sources\c90\common\Umul8_16.c
		__Umul8_16     		CODE           	096A	0000	42

C:\Program Files (x86)\Microchip\xc8\v2.10\pic\sources\c90\common\Umul8_16.c estimated size: 42

C:\Program Files (x86)\Microchip\xc8\v2.10\pic\sources\c90\common\sprcdiv.c
		___fldiv       		CODE           	0B93	0000	478

C:\Program Files (x86)\Microchip\xc8\v2.10\pic\sources\c90\common\sprcdiv.c estimated size: 478

C:\Program Files (x86)\Microchip\xc8\v2.10\pic\sources\c90\common\xxtofl.c
		___xxtofl      		CODE           	0AD7	0000	189

C:\Program Files (x86)\Microchip\xc8\v2.10\pic\sources\c90\common\xxtofl.c estimated size: 189

shared
		__stringtab    		STRING         	0800	0000	17
		_dpowers       		STRING         	0810	0000	11
		__initialization		CODE           	000F	0000	19

shared estimated size: 47

ADC.c
		_ADC1          		CODE           	089B	0000	25
		_ADC2          		CODE           	08B3	0000	25

ADC.c estimated size: 50

C:\Program Files (x86)\Microchip\xc8\v2.10\pic\sources\c90\common\lwmod.c
		___lwmod       		CODE           	0993	0000	61

C:\Program Files (x86)\Microchip\xc8\v2.10\pic\sources\c90\common\lwmod.c estimated size: 61

C:\Program Files (x86)\Microchip\xc8\v2.10\pic\sources\c90\common\sprcadd.c
		___flsub       		CODE           	0920	0000	37
		___fladd       		CODE           	0D70	0000	657

C:\Program Files (x86)\Microchip\xc8\v2.10\pic\sources\c90\common\sprcadd.c estimated size: 694

C:\Program Files (x86)\Microchip\xc8\v2.10\pic\sources\c90\common\doprnt.c
		_sprintf       		CODE           	06BC	0000	235

C:\Program Files (x86)\Microchip\xc8\v2.10\pic\sources\c90\common\doprnt.c estimated size: 235

main.c
		_init          		CODE           	08CB	0000	28
		_ISR           		CODE           	08E6	0000	29
		_main          		CODE           	0386	0000	823

main.c estimated size: 880

