******************************************************************************
                  TI ARM Linker PC v20.2.0                     
******************************************************************************
>> Linked Wed May 13 11:16:23 2020

OUTPUT FILE NAME:   <Exp_1.out>
ENTRY POINT SYMBOL: "_c_int00_noargs"  address: 00000739


MEMORY CONFIGURATION

         name            origin    length      used     unused   attr    fill
----------------------  --------  ---------  --------  --------  ----  --------
  FLASH                 00000000   00040000  0000080c  0003f7f4  R  X
  SRAM                  20000000   00008000  00000201  00007dff  RW X


SEGMENT ALLOCATION MAP

run origin  load origin   length   init length attrs members
----------  ----------- ---------- ----------- ----- -------
00000000    00000000    00000810   00000810    r-x
  00000000    00000000    0000026c   0000026c    r-- .intvecs
  0000026c    0000026c    00000588   00000588    r-x .text
  000007f8    000007f8    00000018   00000018    r-- .cinit
20000000    20000000    00000201   00000000    rw-
  20000000    20000000    00000200   00000000    rw- .stack
  20000200    20000200    00000001   00000000    rw- .data


SECTION ALLOCATION MAP

 output                                  attributes/
section   page    origin      length       input sections
--------  ----  ----------  ----------   ----------------
.intvecs   0    00000000    0000026c     
                  00000000    0000026c     tm4c123gh6pm_startup_ccs.obj (.intvecs)

.text      0    0000026c    00000588     
                  0000026c    00000132     driverlib.lib : gpio.obj (.text:GPIOPadConfigSet)
                  0000039e    00000002     --HOLE-- [fill = 0]
                  000003a0    00000128     main2.obj (.text)
                  000004c8    000000f4     driverlib.lib : sysctl.obj (.text:SysCtlClockSet)
                  000005bc    0000009c     rtsv7M4_T_le_v4SPD16_eabi.lib : memcpy_t2.asm.obj (.text)
                  00000658    00000068                                   : copy_decompress_lzss.c.obj (.text:decompress:lzss:__TI_decompress_lzss)
                  000006c0    00000044                                   : autoinit.c.obj (.text:__TI_auto_init_nobinit_nopinit:__TI_auto_init_nobinit_nopinit)
                  00000704    00000034     driverlib.lib : sysctl.obj (.text:SysCtlPeripheralEnable)
                  00000738    00000034     rtsv7M4_T_le_v4SPD16_eabi.lib : boot_cortex_m.c.obj (.text:_c_int00_noargs:_c_int00_noargs)
                  0000076c    0000002a     driverlib.lib : gpio.obj (.text:GPIODirModeSet)
                  00000796    00000018                   : gpio.obj (.text:GPIOPinTypeGPIOOutput)
                  000007ae    00000012                   : gpio.obj (.text:GPIOPinTypeGPIOInput)
                  000007c0    0000000e     rtsv7M4_T_le_v4SPD16_eabi.lib : copy_decompress_none.c.obj (.text:decompress:none:__TI_decompress_none)
                  000007ce    0000000c     tm4c123gh6pm_startup_ccs.obj (.text)
                  000007da    00000006     driverlib.lib : gpio.obj (.text:GPIOPinRead)
                  000007e0    00000006                   : gpio.obj (.text:GPIOPinWrite)
                  000007e6    00000006                   : sysctl.obj (.text:SysCtlDelay)
                  000007ec    00000004     rtsv7M4_T_le_v4SPD16_eabi.lib : pre_init.c.obj (.text:_system_pre_init)
                  000007f0    00000004                                   : exit.c.obj (.text:abort:abort)

.cinit     0    000007f8    00000018     
                  000007f8    00000008     (__TI_handler_table)
                  00000800    00000005     (.cinit..data.load) [load image, compression = lzss]
                  00000805    00000003     --HOLE-- [fill = 0]
                  00000808    00000008     (__TI_cinit_table)

.init_array 
*          0    00000000    00000000     UNINITIALIZED

.data      0    20000200    00000001     UNINITIALIZED
                  20000200    00000001     main2.obj (.data)

.stack     0    20000000    00000200     UNINITIALIZED
                  20000000    00000004     rtsv7M4_T_le_v4SPD16_eabi.lib : boot_cortex_m.c.obj (.stack)
                  20000004    000001fc     --HOLE--

__llvm_prf_cnts 
*          0    20000000    00000000     UNINITIALIZED

MODULE SUMMARY

       Module                         code   ro data   rw data
       ------                         ----   -------   -------
    .\
       tm4c123gh6pm_startup_ccs.obj   12     620       0      
       main2.obj                      296    0         1      
    +--+------------------------------+------+---------+---------+
       Total:                         308    620       1      
                                                              
    C:/ti/TivaWare_C_Series-2.1.4.178/driverlib/ccs/Debug/driverlib.lib
       gpio.obj                       402    0         0      
       sysctl.obj                     302    0         0      
    +--+------------------------------+------+---------+---------+
       Total:                         704    0         0      
                                                              
    C:\ti\ccs1000\ccs\tools\compiler\ti-cgt-arm_20.2.0.LTS\lib\rtsv7M4_T_le_v4SPD16_eabi.lib
       memcpy_t2.asm.obj              156    0         0      
       copy_decompress_lzss.c.obj     104    0         0      
       autoinit.c.obj                 68     0         0      
       boot_cortex_m.c.obj            52     0         0      
       copy_decompress_none.c.obj     14     0         0      
       exit.c.obj                     4      0         0      
       pre_init.c.obj                 4      0         0      
    +--+------------------------------+------+---------+---------+
       Total:                         402    0         0      
                                                              
       Stack:                         0      0         512    
       Linker Generated:              0      21        0      
    +--+------------------------------+------+---------+---------+
       Grand Total:                   1414   641       513    


LINKER GENERATED COPY TABLES

__TI_cinit_table @ 00000808 records: 1, size/record: 8, table size: 8
	.data: load addr=00000800, load size=00000005 bytes, run addr=20000200, run size=00000001 bytes, compression=lzss


LINKER GENERATED HANDLER TABLE

__TI_handler_table @ 000007f8 records: 2, size/record: 4, table size: 8
	index: 0, handler: __TI_decompress_lzss
	index: 1, handler: __TI_decompress_none


GLOBAL SYMBOLS: SORTED ALPHABETICALLY BY Name 

address   name                          
-------   ----                          
000007f1  C$$EXIT                       
0000076d  GPIODirModeSet                
0000026d  GPIOPadConfigSet              
000007db  GPIOPinRead                   
000007af  GPIOPinTypeGPIOInput          
00000797  GPIOPinTypeGPIOOutput         
000007e1  GPIOPinWrite                  
000007cf  ResetISR                      
000004c9  SysCtlClockSet                
000007e7  SysCtlDelay                   
00000705  SysCtlPeripheralEnable        
20000200  __STACK_END                   
00000200  __STACK_SIZE                  
20000200  __STACK_TOP                   
00000808  __TI_CINIT_Base               
00000810  __TI_CINIT_Limit              
000007f8  __TI_Handler_Table_Base       
00000800  __TI_Handler_Table_Limit      
000006c1  __TI_auto_init_nobinit_nopinit
00000659  __TI_decompress_lzss          
000007c1  __TI_decompress_none          
ffffffff  __TI_pprof_out_hndl           
ffffffff  __TI_prof_data_size           
ffffffff  __TI_prof_data_start          
00000000  __TI_static_base__            
000005bd  __aeabi_memcpy                
000005bd  __aeabi_memcpy4               
000005bd  __aeabi_memcpy8               
ffffffff  __binit__                     
ffffffff  __c_args__                    
UNDEFED   __mpu_init                    
20000000  __stack                       
20000000  __start___llvm_prf_cnts       
20000000  __stop___llvm_prf_cnts        
00000739  _c_int00_noargs               
UNDEFED   _system_post_cinit            
000007ed  _system_pre_init              
000007f1  abort                         
ffffffff  binit                         
00000000  g_pfnVectors                  
000003a1  main                          
000005bd  memcpy                        
20000200  ui8PinData                    


GLOBAL SYMBOLS: SORTED BY Symbol Address 

address   name                          
-------   ----                          
00000000  __TI_static_base__            
00000000  g_pfnVectors                  
00000200  __STACK_SIZE                  
0000026d  GPIOPadConfigSet              
000003a1  main                          
000004c9  SysCtlClockSet                
000005bd  __aeabi_memcpy                
000005bd  __aeabi_memcpy4               
000005bd  __aeabi_memcpy8               
000005bd  memcpy                        
00000659  __TI_decompress_lzss          
000006c1  __TI_auto_init_nobinit_nopinit
00000705  SysCtlPeripheralEnable        
00000739  _c_int00_noargs               
0000076d  GPIODirModeSet                
00000797  GPIOPinTypeGPIOOutput         
000007af  GPIOPinTypeGPIOInput          
000007c1  __TI_decompress_none          
000007cf  ResetISR                      
000007db  GPIOPinRead                   
000007e1  GPIOPinWrite                  
000007e7  SysCtlDelay                   
000007ed  _system_pre_init              
000007f1  C$$EXIT                       
000007f1  abort                         
000007f8  __TI_Handler_Table_Base       
00000800  __TI_Handler_Table_Limit      
00000808  __TI_CINIT_Base               
00000810  __TI_CINIT_Limit              
20000000  __stack                       
20000000  __start___llvm_prf_cnts       
20000000  __stop___llvm_prf_cnts        
20000200  __STACK_END                   
20000200  __STACK_TOP                   
20000200  ui8PinData                    
ffffffff  __TI_pprof_out_hndl           
ffffffff  __TI_prof_data_size           
ffffffff  __TI_prof_data_start          
ffffffff  __binit__                     
ffffffff  __c_args__                    
ffffffff  binit                         
UNDEFED   __mpu_init                    
UNDEFED   _system_post_cinit            

[43 symbols]
