Microchip MPLAB XC8 Compiler V2.10 ()

Linker command line:

-W-3 --edf=C:\Program Files (x86)\Microchip\xc8\v2.10\pic\dat\en_msgs.txt \
  -cs -h+dist/default/production\I2CM.X.production.sym \
  --cmf=dist/default/production\I2CM.X.production.cmf -z -Q16F887 \
  -oC:\Users\jeffr\AppData\Local\Temp\s958.2 --defsym=__MPLAB_BUILD=1 \
  -Mdist/default/production/I2CM.X.production.map -E1 -ver=XC8 --acfsm=1493 \
  -ASTACK=0110h-016Fh -pstack=STACK -ACODE=00h-07FFhx4 -ASTRCODE=00h-01FFFh \
  -ASTRING=00h-0FFhx32 -ACONST=00h-0FFhx32 -AENTRY=00h-0FFhx32 \
  -ACOMMON=070h-07Fh -ABANK0=020h-06Fh -ABANK1=0A0h-0EFh \
  -ABANK2=0110h-016Fh -ABANK3=0190h-01EFh \
  -ARAM=020h-06Fh,0A0h-0EFh,0110h-016Fh,0190h-01EFh \
  -AABS1=020h-07Fh,0A0h-0EFh,0110h-016Fh,0190h-01EFh -ASFR0=00h-01Fh \
  -ASFR1=080h-09Fh -ASFR2=0100h-010Fh -ASFR3=0180h-018Fh \
  -preset_vec=00h,intentry,init,end_init -ppowerup=CODE -pcinit=CODE \
  -pfunctab=ENTRY -ACONFIG=02007h-02008h -pconfig=CONFIG -DCONFIG=2 \
  -AIDLOC=02000h-02003h -pidloc=IDLOC -DIDLOC=2 -AEEDATA=00h-0FFh/02100h \
  -peeprom_data=EEDATA -DEEDATA=2 -DCODE=2 -DSTRCODE=2 -DSTRING=2 -DCONST=2 \
  -DENTRY=2 -k C:\Users\jeffr\AppData\Local\Temp\s958.o \
  dist/default/production\I2CM.X.production.o 

Object code version is 3.11

Machine type is 16F887



                Name                               Link     Load   Length Selector   Space Scale
C:\Users\jeffr\AppData\Local\Temp\s958.o
                end_init                              0        0        3        0       0
                config                             2007     2007        2     400E       0
dist/default/production\I2CM.X.production.o
                cinit                               7EB      7EB       15      FD6       0
                text27                              8FF      8FF       25     11FE       0
                text26                              924      924       25     1248       0
                text25                              842      842        D     1084       0
                text24                              970      970       2E     12E0       0
                text23                             17EE     17EE        9     2FDC       0
                text22                             17F7     17F7        9     2FEE       0
                text21                              838      838        A     1070       0
                text20                              86B      86B       14     10D6       0
                text19                              84F      84F        D     109E       0
                text18                              A96      A96       4E     152C       0
                text17                              8B7      8B7       24     116E       0
                text16                              85C      85C        F     10B8       0
                text15                              A10      A10       42     1420       0
                text14                              A52      A52       44     14A4       0
                text13                              9D6      9D6       3A     13AC       0
                text12                              C80      C80       E8     1900       0
                text11                              899      899       1E     1132       0
                text10                                A        A      1DD       14       0
                text9                               949      949       27     1292       0
                text8                               48A      48A      361      914       0
                text7                               D68      D68      298     1AD0       0
                text6                               8DB      8DB       24     11B6       0
                text5                               B4A      B4A       7A     1694       0
                text4                               BC4      BC4       BC     1788       0
                text3                               AE4      AE4       66     15C8       0
                text2                               99E      99E       38     133C       0
                text1                               87F      87F       1A     10FE       0
                maintext                            1E7      1E7      2A3      3CE       0
                cstackBANK0                          20       20       48       20       1
                cstackCOMMON                         70       70        E       70       1
                bssBANK1                             A0       A0        8       A0       1
                bssBANK0                             68       68        5       20       1
                strings                             800      800       31     1000       0

TOTAL           Name                               Link     Load   Length     Space
        CLASS   STACK          

        CLASS   CODE           
                end_init                              0        0        3         0
                cinit                               7EB      7EB       15         0
                text27                              8FF      8FF       25         0
                text26                              924      924       25         0
                text25                              842      842        D         0
                text24                              970      970       2E         0
                text23                             17EE     17EE        9         0
                text22                             17F7     17F7        9         0
                text21                              838      838        A         0
                text20                              86B      86B       14         0
                text19                              84F      84F        D         0
                text18                              A96      A96       4E         0
                text17                              8B7      8B7       24         0
                text16                              85C      85C        F         0
                text15                              A10      A10       42         0
                text14                              A52      A52       44         0
                text13                              9D6      9D6       3A         0
                text12                              C80      C80       E8         0
                text11                              899      899       1E         0
                text10                                A        A      1DD         0
                text9                               949      949       27         0
                text8                               48A      48A      361         0
                text7                               D68      D68      298         0
                text6                               8DB      8DB       24         0
                text5                               B4A      B4A       7A         0
                text4                               BC4      BC4       BC         0
                text3                               AE4      AE4       66         0
                text2                               99E      99E       38         0
                text1                               87F      87F       1A         0
                maintext                            1E7      1E7      2A3         0

        CLASS   STRCODE        

        CLASS   STRING         
                strings                             800      800       31         0

        CLASS   CONST          

        CLASS   ENTRY          

        CLASS   COMMON         
                cstackCOMMON                         70       70        E         1

        CLASS   BANK0          
                cstackBANK0                          20       20       48         1
                bssBANK0                             68       68        5         1

        CLASS   BANK1          
                bssBANK1                             A0       A0        8         1

        CLASS   BANK2          

        CLASS   BANK3          

        CLASS   RAM            

        CLASS   ABS1           
                abs_s1                               7E       7E        2         1

        CLASS   SFR0           

        CLASS   SFR1           

        CLASS   SFR2           

        CLASS   SFR3           

        CLASS   CONFIG         
                config                             2007     2007        2         0

        CLASS   IDLOC          

        CLASS   EEDATA         



SEGMENTS        Name                           Load    Length   Top    Selector   Space  Class     Delta

                reset_vec                      000000  000003  000003         0       0  CODE        2
                text10                         00000A  0001DD  0001E7        14       0  CODE        2
                cstackBANK0                    000020  00004D  00006D        20       1  BANK0       1
                cstackCOMMON                   000070  00000E  00007E        70       1  COMMON      1
                bssBANK1                       0000A0  000008  0000A8        A0       1  BANK1       1
                maintext                       0001E7  0002A3  00048A       3CE       0  CODE        2
                text8                          00048A  000361  0007EB       914       0  CODE        2
                cinit                          0007EB  000015  000800       FD6       0  CODE        2
                strings                        000800  000031  000831      1000       0  STRING      2
                text21                         000838  00000A  000842      1070       0  CODE        2
                text25                         000842  00000D  00084F      1084       0  CODE        2
                text19                         00084F  00000D  00085C      109E       0  CODE        2
                text16                         00085C  00000F  00086B      10B8       0  CODE        2
                text20                         00086B  000014  00087F      10D6       0  CODE        2
                text1                          00087F  00001A  000899      10FE       0  CODE        2
                text11                         000899  00001E  0008B7      1132       0  CODE        2
                text17                         0008B7  000024  0008DB      116E       0  CODE        2
                text6                          0008DB  000024  0008FF      11B6       0  CODE        2
                text27                         0008FF  000025  000924      11FE       0  CODE        2
                text26                         000924  000025  000949      1248       0  CODE        2
                text9                          000949  000027  000970      1292       0  CODE        2
                text24                         000970  00002E  00099E      12E0       0  CODE        2
                text2                          00099E  000038  0009D6      133C       0  CODE        2
                text13                         0009D6  00003A  000A10      13AC       0  CODE        2
                text15                         000A10  000042  000A52      1420       0  CODE        2
                text14                         000A52  000044  000A96      14A4       0  CODE        2
                text18                         000A96  00004E  000AE4      152C       0  CODE        2
                text3                          000AE4  000066  000B4A      15C8       0  CODE        2
                text5                          000B4A  00007A  000BC4      1694       0  CODE        2
                text4                          000BC4  0000BC  000C80      1788       0  CODE        2
                text12                         000C80  0000E8  000D68      1900       0  CODE        2
                text7                          000D68  000298  001000      1AD0       0  CODE        2
                text23                         0017EE  000009  0017F7      2FDC       0  CODE        2
                text22                         0017F7  000009  001800      2FEE       0  CODE        2
                config                         002007  000002  002009      400E       0  CONFIG      2


UNUSED ADDRESS RANGES

        Name                Unused          Largest block    Delta
        BANK0            006D-006F              3           1
        BANK1            00A8-00EF             48           1
        BANK2            0110-016F             60           1
        BANK3            0190-01EF             60           1
        CODE             0003-0009              7           2
                         0831-0837              7
                         1000-17ED            7EE
                         1800-1FFF            800
        CONST            0003-0009              7           2
                         0831-0837              7
                         1000-17ED            100
                         1800-1FFF            100
        EEDATA           2100-21FF            100           2
        ENTRY            0003-0009              7           2
                         0831-0837              7
                         1000-17ED            100
                         1800-1FFF            100
        IDLOC            2000-2003              4           2
        RAM              006D-006F              3           1
                         00A8-00EF             48
                         0110-016F             60
                         0190-01EF             60
        SFR0             0000-001F             20           1
        SFR1             0080-009F             20           1
        SFR2             0100-010F             10           1
        SFR3             0180-018F             10           1
        STACK            0110-016F             60           1
        STRCODE          0003-0009              7           2
                         0831-0837              7
                         1000-17ED            7EE
                         1800-1FFF            800
        STRING           0003-0009              7           2
                         0831-0837              7
                         1000-17ED            100
                         1800-1FFF            100

                                  Symbol Table

?_BCD                      cstackCOMMON 0076
?_I2C_Master_Read          cstackCOMMON 0070
?__Umul8_16                cstackCOMMON 0070
?___fladd                  cstackCOMMON 0070
?___fldiv                  cstackBANK0  004A
?___flmul                  cstackBANK0  0030
?___flsub                  cstackBANK0  0028
?___fltol                  cstackCOMMON 0070
?___lldiv                  cstackCOMMON 0070
?___lwdiv                  cstackCOMMON 0070
?___lwmod                  cstackCOMMON 0078
?___wmul                   cstackCOMMON 0070
?___xxtofl                 cstackCOMMON 0076
?_sprintf                  cstackBANK0  0020
BCD@to_convert             cstackCOMMON 0076
I2C_Master_Init@c          cstackBANK0  0020
I2C_Master_Read@a          cstackCOMMON 0070
I2C_Master_Read@temp       cstackCOMMON 0074
I2C_Master_Write@d         cstackCOMMON 0070
Lcd_Cmd@z                  cstackCOMMON 0072
Lcd_Set_Cursor@temp        cstackCOMMON 0076
Lcd_Set_Cursor@x           cstackCOMMON 0075
Lcd_Set_Cursor@y           cstackCOMMON 0073
Lcd_Write_Char@a           cstackCOMMON 0071
Lcd_Write_Number@str       cstackBANK0  0030
Lcd_Write_Number@var       cstackBANK0  0034
Lcd_Write_String@a         cstackCOMMON 0072
Lcd_Write_String@i         cstackCOMMON 0077
_ANSEL                     (abs)        0188
_ANSELH                    (abs)        0189
_BCD                       text26       0924
_GIE                       (abs)        005F
_I2C_Master_Init           text2        099E
_I2C_Master_Read           text24       0970
_I2C_Master_Start          text23       17EE
_I2C_Master_Stop           text22       17F7
_I2C_Master_Wait           text25       0842
_I2C_Master_Write          text21       0838
_Lcd_Clear                 text19       084F
_Lcd_Cmd                   text20       086B
_Lcd_Init                  text18       0A96
_Lcd_Set_Cursor            text17       08B7
_Lcd_Write_Char            text16       085C
_Lcd_Write_Number          text11       0899
_Lcd_Write_String          text15       0A10
_PEIE                      (abs)        005E
_PORTB                     (abs)        0006
_PORTBbits                 (abs)        0006
_PORTD                     (abs)        0008
_SSPADD                    (abs)        0093
_SSPBUF                    (abs)        0013
_SSPCON                    (abs)        0014
_SSPCON2                   (abs)        0091
_SSPCON2bits               (abs)        0091
_SSPIE                     (abs)        0463
_SSPIF                     (abs)        0063
_SSPSTAT                   (abs)        0094
_TRISB                     (abs)        0086
_TRISC3                    (abs)        043B
_TRISC4                    (abs)        043C
_TRISCbits                 (abs)        0087
_TRISD                     (abs)        0088
__CFG_BOR4V$BOR40V         (abs)        0000
__CFG_BOREN$OFF            (abs)        0000
__CFG_CP$OFF               (abs)        0000
__CFG_CPD$OFF              (abs)        0000
__CFG_FCMEN$OFF            (abs)        0000
__CFG_FOSC$INTRC_NOCLKOUT  (abs)        0000
__CFG_IESO$OFF             (abs)        0000
__CFG_LVP$OFF              (abs)        0000
__CFG_MCLRE$OFF            (abs)        0000
__CFG_PWRTE$OFF            (abs)        0000
__CFG_WDTE$OFF             (abs)        0000
__CFG_WRT$OFF              (abs)        0000
__Habs1                    abs1         0000
__Hbank0                   bank0        0000
__Hbank1                   bank1        0000
__Hbank2                   bank2        0000
__Hbank3                   bank3        0000
__HbssBANK0                bssBANK0     0000
__HbssBANK1                bssBANK1     0000
__Hcinit                   cinit        0800
__Hclrtext                 clrtext      0000
__Hcode                    code         0000
__Hcommon                  common       0000
__Hconfig                  config       2009
__HcstackBANK0             cstackBANK0  0000
__HcstackCOMMON            cstackCOMMON 0000
__Heeprom_data             eeprom_data  0000
__Hend_init                end_init     0003
__Hfunctab                 functab      0000
__Hidloc                   idloc        0000
__Hinit                    init         0000
__Hintentry                intentry     0000
__Hmaintext                maintext     0000
__Hpowerup                 powerup      0000
__Hram                     ram          0000
__Hreset_vec               reset_vec    0000
__Hsfr0                    sfr0         0000
__Hsfr1                    sfr1         0000
__Hsfr2                    sfr2         0000
__Hsfr3                    sfr3         0000
__Hspace_0                 (abs)        2009
__Hspace_1                 (abs)        00A8
__Hspace_2                 (abs)        0000
__Hspace_3                 (abs)        0000
__Hstack                   stack        0000
__Hstrings                 strings      0000
__Htext                    text         0000
__Labs1                    abs1         0000
__Lbank0                   bank0        0000
__Lbank1                   bank1        0000
__Lbank2                   bank2        0000
__Lbank3                   bank3        0000
__LbssBANK0                bssBANK0     0000
__LbssBANK1                bssBANK1     0000
__Lcinit                   cinit        07EB
__Lclrtext                 clrtext      0000
__Lcode                    code         0000
__Lcommon                  common       0000
__Lconfig                  config       2007
__LcstackBANK0             cstackBANK0  0000
__LcstackCOMMON            cstackCOMMON 0000
__Leeprom_data             eeprom_data  0000
__Lend_init                end_init     0000
__Lfunctab                 functab      0000
__Lidloc                   idloc        0000
__Linit                    init         0000
__Lintentry                intentry     0000
__Lmaintext                maintext     0000
__Lpowerup                 powerup      0000
__Lram                     ram          0000
__Lreset_vec               reset_vec    0000
__Lsfr0                    sfr0         0000
__Lsfr1                    sfr1         0000
__Lsfr2                    sfr2         0000
__Lsfr3                    sfr3         0000
__Lspace_0                 (abs)        0000
__Lspace_1                 (abs)        0000
__Lspace_2                 (abs)        0000
__Lspace_3                 (abs)        0000
__Lstack                   stack        0000
__Lstrings                 strings      0000
__Ltext                    text         0000
__S0                       (abs)        2009
__S1                       (abs)        00A8
__S2                       (abs)        0000
__S3                       (abs)        0000
__Umul8_16                 text9        0949
__Umul8_16@multiplicand    cstackCOMMON 0070
__Umul8_16@multiplier      cstackCOMMON 0078
__Umul8_16@product         cstackCOMMON 0074
__Umul8_16@word_mpld       cstackCOMMON 0076
___fladd                   text7        0D68
___fladd@a                 cstackCOMMON 0074
___fladd@aexp              cstackCOMMON 0079
___fladd@b                 cstackCOMMON 0070
___fladd@bexp              cstackCOMMON 007A
___fladd@grs               cstackCOMMON 007B
___fladd@signs             cstackCOMMON 0078
___fldiv                   text10       000A
___fldiv@a                 cstackBANK0  004A
___fldiv@aexp              cstackBANK0  0063
___fldiv@b                 cstackBANK0  004E
___fldiv@bexp              cstackBANK0  0062
___fldiv@grs               cstackBANK0  005E
___fldiv@new_exp           cstackBANK0  005C
___fldiv@rem               cstackBANK0  0057
___fldiv@sign              cstackBANK0  005B
___flmul                   text8        048A
___flmul@a                 cstackBANK0  0034
___flmul@aexp              cstackBANK0  0042
___flmul@b                 cstackBANK0  0030
___flmul@bexp              cstackBANK0  0043
___flmul@grs               cstackBANK0  003E
___flmul@prod              cstackBANK0  0044
___flmul@sign              cstackBANK0  003D
___flmul@temp              cstackBANK0  0048
___flsub                   text6        08DB
___flsub@a                 cstackBANK0  0028
___flsub@b                 cstackBANK0  002C
___fltol                   text5        0B4A
___fltol@exp1              cstackCOMMON 007A
___fltol@f1                cstackCOMMON 0070
___fltol@sign1             cstackCOMMON 0079
___int_sp                  stack        0000
___latbits                 (abs)        0002
___lldiv                   text3        0AE4
___lldiv@counter           cstackCOMMON 007D
___lldiv@dividend          cstackCOMMON 0074
___lldiv@divisor           cstackCOMMON 0070
___lldiv@quotient          cstackCOMMON 0079
___lwdiv                   text14       0A52
___lwdiv@counter           cstackCOMMON 0077
___lwdiv@dividend          cstackCOMMON 0072
___lwdiv@divisor           cstackCOMMON 0070
___lwdiv@quotient          cstackCOMMON 0075
___lwmod                   text13       09D6
___lwmod@counter           cstackCOMMON 007D
___lwmod@dividend          cstackCOMMON 007A
___lwmod@divisor           cstackCOMMON 0078
___sp                      stack        0000
___stackhi                 (abs)        0000
___stacklo                 (abs)        0000
___wmul                    text27       08FF
___wmul@multiplicand       cstackCOMMON 0072
___wmul@multiplier         cstackCOMMON 0070
___wmul@product            cstackCOMMON 0074
___xxtofl                  text4        0BC4
___xxtofl@arg              cstackBANK0  0022
___xxtofl@exp              cstackBANK0  0021
___xxtofl@sign             cstackBANK0  0020
___xxtofl@val              cstackCOMMON 0076
__end_of_BCD               text26       0949
__end_of_I2C_Master_Init   text2        09D6
__end_of_I2C_Master_Read   text24       099E
__end_of_I2C_Master_Start  text23       17F7
__end_of_I2C_Master_Stop   text22       1800
__end_of_I2C_Master_Wait   text25       084F
__end_of_I2C_Master_Write  text21       0842
__end_of_Lcd_Clear         text19       085C
__end_of_Lcd_Cmd           text20       087F
__end_of_Lcd_Init          text18       0AE4
__end_of_Lcd_Set_Cursor    text17       08DB
__end_of_Lcd_Write_Char    text16       086B
__end_of_Lcd_Write_Number  text11       08B7
__end_of_Lcd_Write_String  text15       0A52
__end_of__Umul8_16         text9        0970
__end_of___fladd           text7        1000
__end_of___fldiv           text10       01E7
__end_of___flmul           text8        07EB
__end_of___flsub           text6        08FF
__end_of___fltol           text5        0BC4
__end_of___lldiv           text3        0B4A
__end_of___lwdiv           text14       0A96
__end_of___lwmod           text13       0A10
__end_of___wmul            text27       0924
__end_of___xxtofl          text4        0C80
__end_of__initialization   cinit        07FC
__end_of__stringtab        strings      0810
__end_of_dpowers           strings      081A
__end_of_main              maintext     048A
__end_of_setup             text1        0899
__end_of_sprintf           text12       0D68
__initialization           cinit        07EB
__pbssBANK0                bssBANK0     0068
__pbssBANK1                bssBANK1     00A0
__pcstackBANK0             cstackBANK0  0020
__pcstackCOMMON            cstackCOMMON 0070
__pmaintext                maintext     01E7
__pstrings                 strings      0800
__ptext1                   text1        087F
__ptext10                  text10       000A
__ptext11                  text11       0899
__ptext12                  text12       0C80
__ptext13                  text13       09D6
__ptext14                  text14       0A52
__ptext15                  text15       0A10
__ptext16                  text16       085C
__ptext17                  text17       08B7
__ptext18                  text18       0A96
__ptext19                  text19       084F
__ptext2                   text2        099E
__ptext20                  text20       086B
__ptext21                  text21       0838
__ptext22                  text22       17F7
__ptext23                  text23       17EE
__ptext24                  text24       0970
__ptext25                  text25       0842
__ptext26                  text26       0924
__ptext27                  text27       08FF
__ptext3                   text3        0AE4
__ptext4                   text4        0BC4
__ptext5                   text5        0B4A
__ptext6                   text6        08DB
__ptext7                   text7        0D68
__ptext8                   text8        048A
__ptext9                   text9        0949
__size_of_BCD              (abs)        0000
__size_of_I2C_Master_Init  (abs)        0000
__size_of_I2C_Master_Read  (abs)        0000
__size_of_I2C_Master_Start (abs)        0000
__size_of_I2C_Master_Stop  (abs)        0000
__size_of_I2C_Master_Wait  (abs)        0000
__size_of_I2C_Master_Write (abs)        0000
__size_of_Lcd_Clear        (abs)        0000
__size_of_Lcd_Cmd          (abs)        0000
__size_of_Lcd_Init         (abs)        0000
__size_of_Lcd_Set_Cursor   (abs)        0000
__size_of_Lcd_Write_Char   (abs)        0000
__size_of_Lcd_Write_Number (abs)        0000
__size_of_Lcd_Write_String (abs)        0000
__size_of__Umul8_16        (abs)        0000
__size_of___fladd          (abs)        0000
__size_of___fldiv          (abs)        0000
__size_of___flmul          (abs)        0000
__size_of___flsub          (abs)        0000
__size_of___fltol          (abs)        0000
__size_of___lldiv          (abs)        0000
__size_of___lwdiv          (abs)        0000
__size_of___lwmod          (abs)        0000
__size_of___wmul           (abs)        0000
__size_of___xxtofl         (abs)        0000
__size_of_main             (abs)        0000
__size_of_setup            (abs)        0000
__size_of_sprintf          (abs)        0000
__stringbase               strings      080F
__stringtab                strings      0800
_adc1                      bssBANK1     00A4
_dec1                      bssBANK0     006A
_deci1                     bssBANK1     00A0
_dpowers                   strings      0810
_ent1                      bssBANK0     006B
_main                      maintext     01E7
_minutos                   bssBANK0     0068
_pvtoelquelolea            bssBANK0     006C
_segundos                  bssBANK0     0069
_setup                     text1        087F
_sprintf                   text12       0C80
btemp                      (abs)        007E
end_of_initialization      cinit        07FC
intlevel0                  functab      0000
intlevel1                  functab      0000
intlevel2                  functab      0000
intlevel3                  functab      0000
intlevel4                  functab      0000
intlevel5                  functab      0000
reset_vec                  reset_vec    0000
sprintf@ap                 cstackBANK0  0026
sprintf@c                  cstackBANK0  002C
sprintf@f                  cstackBANK0  0020
sprintf@flag               cstackBANK0  0027
sprintf@prec               cstackBANK0  0028
sprintf@sp                 cstackBANK0  002B
sprintf@val                cstackBANK0  0029
start                      init         0000
start_initialization       cinit        07EB
wtemp0                     (abs)        007E


FUNCTION INFORMATION:

 *************** function _main *****************
 Defined at:
		line 59 in file "I2CM.c"
 Parameters:    Size  Location     Type
		None
 Auto vars:     Size  Location     Type
		None
 Return value:  Size  Location     Type
                  1    wreg      void 
 Registers used:
		wreg, fsr0l, fsr0h, status,2, status,0, btemp+1, pclath, cstack
 Tracked objects:
		On entry : 
		On exit  : 
		Unchanged: 
 Data sizes:     COMMON   BANK0   BANK1   BANK3   BANK2
      Params:         0       0       0       0       0
      Locals:         0       0       0       0       0
      Temps:          0       4       0       0       0
      Totals:         0       4       0       0       0
Total ram usage:        4 bytes
 Hardware stack levels required when called:    3
 This function calls:
		_BCD
		_I2C_Master_Read
		_I2C_Master_Start
		_I2C_Master_Stop
		_I2C_Master_Write
		_Lcd_Clear
		_Lcd_Init
		_Lcd_Set_Cursor
		_Lcd_Write_Char
		_Lcd_Write_Number
		_Lcd_Write_String
		___fldiv
		___flmul
		___flsub
		___fltol
		___xxtofl
		_setup
 This function is called by:
		Startup code after reset
 This function uses a non-reentrant model


 *************** function _setup *****************
 Defined at:
		line 153 in file "I2CM.c"
 Parameters:    Size  Location     Type
		None
 Auto vars:     Size  Location     Type
		None
 Return value:  Size  Location     Type
                  1    wreg      void 
 Registers used:
		wreg, status,2, status,0, pclath, cstack
 Tracked objects:
		On entry : 
		On exit  : 
		Unchanged: 
 Data sizes:     COMMON   BANK0   BANK1   BANK3   BANK2
      Params:         0       0       0       0       0
      Locals:         0       0       0       0       0
      Temps:          0       0       0       0       0
      Totals:         0       0       0       0       0
Total ram usage:        0 bytes
 Hardware stack levels used:    1
 Hardware stack levels required when called:    2
 This function calls:
		_I2C_Master_Init
 This function is called by:
		_main
 This function uses a non-reentrant model


 *************** function _I2C_Master_Init *****************
 Defined at:
		line 17 in file "I2C.c"
 Parameters:    Size  Location     Type
  c               4    0[BANK0 ] const unsigned long 
 Auto vars:     Size  Location     Type
		None
 Return value:  Size  Location     Type
                  1    wreg      void 
 Registers used:
		wreg, status,2, status,0, pclath, cstack
 Tracked objects:
		On entry : 
		On exit  : 
		Unchanged: 
 Data sizes:     COMMON   BANK0   BANK1   BANK3   BANK2
      Params:         0       4       0       0       0
      Locals:         0       0       0       0       0
      Temps:          0       4       0       0       0
      Totals:         0       8       0       0       0
Total ram usage:        8 bytes
 Hardware stack levels used:    1
 Hardware stack levels required when called:    1
 This function calls:
		___lldiv
 This function is called by:
		_setup
 This function uses a non-reentrant model


 *************** function ___lldiv *****************
 Defined at:
		line 5 in file "C:\Program Files (x86)\Microchip\xc8\v2.10\pic\sources\c90\common\__lldiv.c"
 Parameters:    Size  Location     Type
  divisor         4    0[COMMON] unsigned long 
  dividend        4    4[COMMON] unsigned long 
 Auto vars:     Size  Location     Type
  quotient        4    9[COMMON] unsigned long 
  counter         1   13[COMMON] unsigned char 
 Return value:  Size  Location     Type
                  4    0[COMMON] unsigned long 
 Registers used:
		wreg, status,2, status,0
 Tracked objects:
		On entry : 
		On exit  : 
		Unchanged: 
 Data sizes:     COMMON   BANK0   BANK1   BANK3   BANK2
      Params:         8       0       0       0       0
      Locals:         5       0       0       0       0
      Temps:          1       0       0       0       0
      Totals:        14       0       0       0       0
Total ram usage:       14 bytes
 Hardware stack levels used:    1
 This function calls:
		Nothing
 This function is called by:
		_I2C_Master_Init
 This function uses a non-reentrant model


 *************** function ___xxtofl *****************
 Defined at:
		line 10 in file "C:\Program Files (x86)\Microchip\xc8\v2.10\pic\sources\c90\common\xxtofl.c"
 Parameters:    Size  Location     Type
  sign            1    wreg     unsigned char 
  val             4    6[COMMON] long 
 Auto vars:     Size  Location     Type
  sign            1    0[BANK0 ] unsigned char 
  arg             4    2[BANK0 ] unsigned long 
  exp             1    1[BANK0 ] unsigned char 
 Return value:  Size  Location     Type
                  4    6[COMMON] unsigned char 
 Registers used:
		wreg, status,2, status,0
 Tracked objects:
		On entry : 
		On exit  : 
		Unchanged: 
 Data sizes:     COMMON   BANK0   BANK1   BANK3   BANK2
      Params:         4       0       0       0       0
      Locals:         0       6       0       0       0
      Temps:          4       0       0       0       0
      Totals:         8       6       0       0       0
Total ram usage:       14 bytes
 Hardware stack levels used:    1
 This function calls:
		Nothing
 This function is called by:
		_main
 This function uses a non-reentrant model


 *************** function ___fltol *****************
 Defined at:
		line 43 in file "C:\Program Files (x86)\Microchip\xc8\v2.10\pic\sources\c90\common\fltol.c"
 Parameters:    Size  Location     Type
  f1              4    0[COMMON] unsigned char 
 Auto vars:     Size  Location     Type
  exp1            1   10[COMMON] unsigned char 
  sign1           1    9[COMMON] unsigned char 
 Return value:  Size  Location     Type
                  4    0[COMMON] long 
 Registers used:
		wreg, status,2, status,0
 Tracked objects:
		On entry : 
		On exit  : 
		Unchanged: 
 Data sizes:     COMMON   BANK0   BANK1   BANK3   BANK2
      Params:         4       0       0       0       0
      Locals:         2       0       0       0       0
      Temps:          5       0       0       0       0
      Totals:        11       0       0       0       0
Total ram usage:       11 bytes
 Hardware stack levels used:    1
 This function calls:
		Nothing
 This function is called by:
		_main
 This function uses a non-reentrant model


 *************** function ___flsub *****************
 Defined at:
		line 242 in file "C:\Program Files (x86)\Microchip\xc8\v2.10\pic\sources\c90\common\sprcadd.c"
 Parameters:    Size  Location     Type
  a               4    8[BANK0 ] long 
  b               4   12[BANK0 ] long 
 Auto vars:     Size  Location     Type
		None
 Return value:  Size  Location     Type
                  4    8[BANK0 ] long 
 Registers used:
		wreg, status,2, status,0, btemp+1, pclath, cstack
 Tracked objects:
		On entry : 
		On exit  : 
		Unchanged: 
 Data sizes:     COMMON   BANK0   BANK1   BANK3   BANK2
      Params:         0       8       0       0       0
      Locals:         0       0       0       0       0
      Temps:          0       0       0       0       0
      Totals:         0       8       0       0       0
Total ram usage:        8 bytes
 Hardware stack levels used:    1
 Hardware stack levels required when called:    1
 This function calls:
		___fladd
 This function is called by:
		_main
 This function uses a non-reentrant model


 *************** function ___fladd *****************
 Defined at:
		line 10 in file "C:\Program Files (x86)\Microchip\xc8\v2.10\pic\sources\c90\common\sprcadd.c"
 Parameters:    Size  Location     Type
  b               4    0[COMMON] long 
  a               4    4[COMMON] long 
 Auto vars:     Size  Location     Type
  grs             1   11[COMMON] unsigned char 
  bexp            1   10[COMMON] unsigned char 
  aexp            1    9[COMMON] unsigned char 
  signs           1    8[COMMON] unsigned char 
 Return value:  Size  Location     Type
                  4    0[COMMON] unsigned char 
 Registers used:
		wreg, status,2, status,0, btemp+1
 Tracked objects:
		On entry : 
		On exit  : 
		Unchanged: 
 Data sizes:     COMMON   BANK0   BANK1   BANK3   BANK2
      Params:         8       0       0       0       0
      Locals:         4       0       0       0       0
      Temps:          0       8       0       0       0
      Totals:        12       8       0       0       0
Total ram usage:       20 bytes
 Hardware stack levels used:    1
 This function calls:
		Nothing
 This function is called by:
		___flsub
 This function uses a non-reentrant model


 *************** function ___flmul *****************
 Defined at:
		line 8 in file "C:\Program Files (x86)\Microchip\xc8\v2.10\pic\sources\c90\common\sprcmul.c"
 Parameters:    Size  Location     Type
  b               4   16[BANK0 ] unsigned char 
  a               4   20[BANK0 ] unsigned char 
 Auto vars:     Size  Location     Type
  prod            4   36[BANK0 ] struct .
  grs             4   30[BANK0 ] unsigned long 
  temp            2   40[BANK0 ] struct .
  bexp            1   35[BANK0 ] unsigned char 
  aexp            1   34[BANK0 ] unsigned char 
  sign            1   29[BANK0 ] unsigned char 
 Return value:  Size  Location     Type
                  4   16[BANK0 ] unsigned char 
 Registers used:
		wreg, status,2, status,0, btemp+1, pclath, cstack
 Tracked objects:
		On entry : 
		On exit  : 
		Unchanged: 
 Data sizes:     COMMON   BANK0   BANK1   BANK3   BANK2
      Params:         0       8       0       0       0
      Locals:         0      13       0       0       0
      Temps:          0       5       0       0       0
      Totals:         0      26       0       0       0
Total ram usage:       26 bytes
 Hardware stack levels used:    1
 Hardware stack levels required when called:    1
 This function calls:
		__Umul8_16
 This function is called by:
		_main
 This function uses a non-reentrant model


 *************** function __Umul8_16 *****************
 Defined at:
		line 4 in file "C:\Program Files (x86)\Microchip\xc8\v2.10\pic\sources\c90\common\Umul8_16.c"
 Parameters:    Size  Location     Type
  multiplier      1    wreg     unsigned char 
  multiplicand    1    0[COMMON] unsigned char 
 Auto vars:     Size  Location     Type
  multiplier      1    8[COMMON] unsigned char 
  word_mpld       2    6[COMMON] unsigned int 
  product         2    4[COMMON] unsigned int 
 Return value:  Size  Location     Type
                  2    0[COMMON] unsigned int 
 Registers used:
		wreg, status,2, status,0
 Tracked objects:
		On entry : 
		On exit  : 
		Unchanged: 
 Data sizes:     COMMON   BANK0   BANK1   BANK3   BANK2
      Params:         2       0       0       0       0
      Locals:         5       0       0       0       0
      Temps:          2       0       0       0       0
      Totals:         9       0       0       0       0
Total ram usage:        9 bytes
 Hardware stack levels used:    1
 This function calls:
		Nothing
 This function is called by:
		___flmul
 This function uses a non-reentrant model


 *************** function ___fldiv *****************
 Defined at:
		line 8 in file "C:\Program Files (x86)\Microchip\xc8\v2.10\pic\sources\c90\common\sprcdiv.c"
 Parameters:    Size  Location     Type
  a               4   42[BANK0 ] unsigned int 
  b               4   46[BANK0 ] unsigned int 
 Auto vars:     Size  Location     Type
  grs             4   62[BANK0 ] unsigned long 
  rem             4   55[BANK0 ] unsigned long 
  new_exp         2   60[BANK0 ] int 
  aexp            1   67[BANK0 ] unsigned char 
  bexp            1   66[BANK0 ] unsigned char 
  sign            1   59[BANK0 ] unsigned char 
 Return value:  Size  Location     Type
                  4   42[BANK0 ] unsigned char 
 Registers used:
		wreg, status,2, status,0, btemp+1
 Tracked objects:
		On entry : 
		On exit  : 
		Unchanged: 
 Data sizes:     COMMON   BANK0   BANK1   BANK3   BANK2
      Params:         0       8       0       0       0
      Locals:         0      13       0       0       0
      Temps:          0       5       0       0       0
      Totals:         0      26       0       0       0
Total ram usage:       26 bytes
 Hardware stack levels used:    1
 This function calls:
		Nothing
 This function is called by:
		_main
 This function uses a non-reentrant model


 *************** function _Lcd_Write_Number *****************
 Defined at:
		line 72 in file "LCD8bits.c"
 Parameters:    Size  Location     Type
  var             1    wreg     unsigned char 
 Auto vars:     Size  Location     Type
  var             1   20[BANK0 ] unsigned char 
  str             4   16[BANK0 ] unsigned char [4]
 Return value:  Size  Location     Type
                  1    wreg      void 
 Registers used:
		wreg, fsr0l, fsr0h, status,2, status,0, btemp+1, pclath, cstack
 Tracked objects:
		On entry : 
		On exit  : 
		Unchanged: 
 Data sizes:     COMMON   BANK0   BANK1   BANK3   BANK2
      Params:         0       0       0       0       0
      Locals:         0       5       0       0       0
      Temps:          0       3       0       0       0
      Totals:         0       8       0       0       0
Total ram usage:        8 bytes
 Hardware stack levels used:    1
 Hardware stack levels required when called:    2
 This function calls:
		_Lcd_Write_String
		_sprintf
 This function is called by:
		_main
 This function uses a non-reentrant model


 *************** function _sprintf *****************
 Defined at:
		line 505 in file "C:\Program Files (x86)\Microchip\xc8\v2.10\pic\sources\c90\common\doprnt.c"
 Parameters:    Size  Location     Type
  sp              1    wreg     PTR unsigned char 
		 -> Lcd_Write_Number@str(4), 
  f               1    0[BANK0 ] PTR const unsigned char 
		 -> STR_7(3), 
 Auto vars:     Size  Location     Type
  sp              1   11[BANK0 ] PTR unsigned char 
		 -> Lcd_Write_Number@str(4), 
  tmpval          4    0        struct .
  val             2    9[BANK0 ] unsigned int 
  cp              2    0        PTR const unsigned char 
  len             2    0        unsigned int 
  c               1   12[BANK0 ] unsigned char 
  prec            1    8[BANK0 ] char 
  flag            1    7[BANK0 ] unsigned char 
  ap              1    6[BANK0 ] PTR void [1]
		 -> ?_sprintf(2), 
 Return value:  Size  Location     Type
                  2    0[BANK0 ] int 
 Registers used:
		wreg, fsr0l, fsr0h, status,2, status,0, btemp+1, pclath, cstack
 Tracked objects:
		On entry : 
		On exit  : 
		Unchanged: 
 Data sizes:     COMMON   BANK0   BANK1   BANK3   BANK2
      Params:         0       3       0       0       0
      Locals:         0       7       0       0       0
      Temps:          0       3       0       0       0
      Totals:         0      13       0       0       0
Total ram usage:       13 bytes
 Hardware stack levels used:    1
 Hardware stack levels required when called:    1
 This function calls:
		___lwdiv
		___lwmod
 This function is called by:
		_Lcd_Write_Number
 This function uses a non-reentrant model


 *************** function ___lwmod *****************
 Defined at:
		line 5 in file "C:\Program Files (x86)\Microchip\xc8\v2.10\pic\sources\c90\common\lwmod.c"
 Parameters:    Size  Location     Type
  divisor         2    8[COMMON] unsigned int 
  dividend        2   10[COMMON] unsigned int 
 Auto vars:     Size  Location     Type
  counter         1   13[COMMON] unsigned char 
 Return value:  Size  Location     Type
                  2    8[COMMON] unsigned int 
 Registers used:
		wreg, status,2, status,0
 Tracked objects:
		On entry : 
		On exit  : 
		Unchanged: 
 Data sizes:     COMMON   BANK0   BANK1   BANK3   BANK2
      Params:         4       0       0       0       0
      Locals:         1       0       0       0       0
      Temps:          1       0       0       0       0
      Totals:         6       0       0       0       0
Total ram usage:        6 bytes
 Hardware stack levels used:    1
 This function calls:
		Nothing
 This function is called by:
		_sprintf
 This function uses a non-reentrant model


 *************** function ___lwdiv *****************
 Defined at:
		line 5 in file "C:\Program Files (x86)\Microchip\xc8\v2.10\pic\sources\c90\common\lwdiv.c"
 Parameters:    Size  Location     Type
  divisor         2    0[COMMON] unsigned int 
  dividend        2    2[COMMON] unsigned int 
 Auto vars:     Size  Location     Type
  quotient        2    5[COMMON] unsigned int 
  counter         1    7[COMMON] unsigned char 
 Return value:  Size  Location     Type
                  2    0[COMMON] unsigned int 
 Registers used:
		wreg, status,2, status,0
 Tracked objects:
		On entry : 
		On exit  : 
		Unchanged: 
 Data sizes:     COMMON   BANK0   BANK1   BANK3   BANK2
      Params:         4       0       0       0       0
      Locals:         3       0       0       0       0
      Temps:          1       0       0       0       0
      Totals:         8       0       0       0       0
Total ram usage:        8 bytes
 Hardware stack levels used:    1
 This function calls:
		Nothing
 This function is called by:
		_sprintf
 This function uses a non-reentrant model


 *************** function _Lcd_Write_String *****************
 Defined at:
		line 65 in file "LCD8bits.c"
 Parameters:    Size  Location     Type
  a               2    2[COMMON] PTR unsigned char 
		 -> Lcd_Write_Number@str(4), STR_5(2), STR_3(5), STR_2(5), 
		 -> STR_1(4), 
 Auto vars:     Size  Location     Type
  i               2    7[COMMON] int 
 Return value:  Size  Location     Type
                  1    wreg      void 
 Registers used:
		wreg, fsr0l, fsr0h, status,2, status,0, btemp+1, pclath, cstack
 Tracked objects:
		On entry : 
		On exit  : 
		Unchanged: 
 Data sizes:     COMMON   BANK0   BANK1   BANK3   BANK2
      Params:         2       0       0       0       0
      Locals:         2       0       0       0       0
      Temps:          3       0       0       0       0
      Totals:         7       0       0       0       0
Total ram usage:        7 bytes
 Hardware stack levels used:    1
 Hardware stack levels required when called:    1
 This function calls:
		_Lcd_Write_Char
 This function is called by:
		_main
		_Lcd_Write_Number
 This function uses a non-reentrant model


 *************** function _Lcd_Write_Char *****************
 Defined at:
		line 56 in file "LCD8bits.c"
 Parameters:    Size  Location     Type
  a               1    wreg     unsigned char 
 Auto vars:     Size  Location     Type
  a               1    1[COMMON] unsigned char 
 Return value:  Size  Location     Type
                  1    wreg      void 
 Registers used:
		wreg
 Tracked objects:
		On entry : 
		On exit  : 
		Unchanged: 
 Data sizes:     COMMON   BANK0   BANK1   BANK3   BANK2
      Params:         0       0       0       0       0
      Locals:         1       0       0       0       0
      Temps:          1       0       0       0       0
      Totals:         2       0       0       0       0
Total ram usage:        2 bytes
 Hardware stack levels used:    1
 This function calls:
		Nothing
 This function is called by:
		_main
		_Lcd_Write_String
 This function uses a non-reentrant model


 *************** function _Lcd_Set_Cursor *****************
 Defined at:
		line 24 in file "LCD8bits.c"
 Parameters:    Size  Location     Type
  x               1    wreg     unsigned char 
  y               1    3[COMMON] unsigned char 
 Auto vars:     Size  Location     Type
  x               1    5[COMMON] unsigned char 
  temp            1    6[COMMON] unsigned char 
 Return value:  Size  Location     Type
                  1    wreg      void 
 Registers used:
		wreg, status,2, status,0, pclath, cstack
 Tracked objects:
		On entry : 
		On exit  : 
		Unchanged: 
 Data sizes:     COMMON   BANK0   BANK1   BANK3   BANK2
      Params:         1       0       0       0       0
      Locals:         2       0       0       0       0
      Temps:          1       0       0       0       0
      Totals:         4       0       0       0       0
Total ram usage:        4 bytes
 Hardware stack levels used:    1
 Hardware stack levels required when called:    1
 This function calls:
		_Lcd_Cmd
 This function is called by:
		_main
 This function uses a non-reentrant model


 *************** function _Lcd_Init *****************
 Defined at:
		line 39 in file "LCD8bits.c"
 Parameters:    Size  Location     Type
		None
 Auto vars:     Size  Location     Type
		None
 Return value:  Size  Location     Type
                  1    wreg      void 
 Registers used:
		wreg, status,2, status,0, pclath, cstack
 Tracked objects:
		On entry : 
		On exit  : 
		Unchanged: 
 Data sizes:     COMMON   BANK0   BANK1   BANK3   BANK2
      Params:         0       0       0       0       0
      Locals:         0       0       0       0       0
      Temps:          2       0       0       0       0
      Totals:         2       0       0       0       0
Total ram usage:        2 bytes
 Hardware stack levels used:    1
 Hardware stack levels required when called:    1
 This function calls:
		_Lcd_Cmd
 This function is called by:
		_main
 This function uses a non-reentrant model


 *************** function _Lcd_Clear *****************
 Defined at:
		line 18 in file "LCD8bits.c"
 Parameters:    Size  Location     Type
		None
 Auto vars:     Size  Location     Type
		None
 Return value:  Size  Location     Type
                  1    wreg      void 
 Registers used:
		wreg, status,2, status,0, pclath, cstack
 Tracked objects:
		On entry : 
		On exit  : 
		Unchanged: 
 Data sizes:     COMMON   BANK0   BANK1   BANK3   BANK2
      Params:         0       0       0       0       0
      Locals:         0       0       0       0       0
      Temps:          0       0       0       0       0
      Totals:         0       0       0       0       0
Total ram usage:        0 bytes
 Hardware stack levels used:    1
 Hardware stack levels required when called:    1
 This function calls:
		_Lcd_Cmd
 This function is called by:
		_main
 This function uses a non-reentrant model


 *************** function _Lcd_Cmd *****************
 Defined at:
		line 9 in file "LCD8bits.c"
 Parameters:    Size  Location     Type
  z               1    wreg     unsigned char 
 Auto vars:     Size  Location     Type
  z               1    2[COMMON] unsigned char 
 Return value:  Size  Location     Type
                  1    wreg      void 
 Registers used:
		wreg
 Tracked objects:
		On entry : 
		On exit  : 
		Unchanged: 
 Data sizes:     COMMON   BANK0   BANK1   BANK3   BANK2
      Params:         0       0       0       0       0
      Locals:         1       0       0       0       0
      Temps:          2       0       0       0       0
      Totals:         3       0       0       0       0
Total ram usage:        3 bytes
 Hardware stack levels used:    1
 This function calls:
		Nothing
 This function is called by:
		_Lcd_Clear
		_Lcd_Set_Cursor
		_Lcd_Init
 This function uses a non-reentrant model


 *************** function _I2C_Master_Write *****************
 Defined at:
		line 66 in file "I2C.c"
 Parameters:    Size  Location     Type
  d               2    0[COMMON] unsigned int 
 Auto vars:     Size  Location     Type
		None
 Return value:  Size  Location     Type
                  1    wreg      void 
 Registers used:
		wreg, status,2, status,0, pclath, cstack
 Tracked objects:
		On entry : 
		On exit  : 
		Unchanged: 
 Data sizes:     COMMON   BANK0   BANK1   BANK3   BANK2
      Params:         2       0       0       0       0
      Locals:         0       0       0       0       0
      Temps:          0       0       0       0       0
      Totals:         2       0       0       0       0
Total ram usage:        2 bytes
 Hardware stack levels used:    1
 Hardware stack levels required when called:    1
 This function calls:
		_I2C_Master_Wait
 This function is called by:
		_main
 This function uses a non-reentrant model


 *************** function _I2C_Master_Stop *****************
 Defined at:
		line 56 in file "I2C.c"
 Parameters:    Size  Location     Type
		None
 Auto vars:     Size  Location     Type
		None
 Return value:  Size  Location     Type
                  1    wreg      void 
 Registers used:
		wreg, status,2, status,0, pclath, cstack
 Tracked objects:
		On entry : 
		On exit  : 
		Unchanged: 
 Data sizes:     COMMON   BANK0   BANK1   BANK3   BANK2
      Params:         0       0       0       0       0
      Locals:         0       0       0       0       0
      Temps:          0       0       0       0       0
      Totals:         0       0       0       0       0
Total ram usage:        0 bytes
 Hardware stack levels used:    1
 Hardware stack levels required when called:    1
 This function calls:
		_I2C_Master_Wait
 This function is called by:
		_main
 This function uses a non-reentrant model


 *************** function _I2C_Master_Start *****************
 Defined at:
		line 40 in file "I2C.c"
 Parameters:    Size  Location     Type
		None
 Auto vars:     Size  Location     Type
		None
 Return value:  Size  Location     Type
                  1    wreg      void 
 Registers used:
		wreg, status,2, status,0, pclath, cstack
 Tracked objects:
		On entry : 
		On exit  : 
		Unchanged: 
 Data sizes:     COMMON   BANK0   BANK1   BANK3   BANK2
      Params:         0       0       0       0       0
      Locals:         0       0       0       0       0
      Temps:          0       0       0       0       0
      Totals:         0       0       0       0       0
Total ram usage:        0 bytes
 Hardware stack levels used:    1
 Hardware stack levels required when called:    1
 This function calls:
		_I2C_Master_Wait
 This function is called by:
		_main
 This function uses a non-reentrant model


 *************** function _I2C_Master_Read *****************
 Defined at:
		line 75 in file "I2C.c"
 Parameters:    Size  Location     Type
  a               2    0[COMMON] unsigned short 
 Auto vars:     Size  Location     Type
  temp            2    4[COMMON] unsigned short 
 Return value:  Size  Location     Type
                  2    0[COMMON] unsigned short 
 Registers used:
		wreg, status,2, status,0, pclath, cstack
 Tracked objects:
		On entry : 
		On exit  : 
		Unchanged: 
 Data sizes:     COMMON   BANK0   BANK1   BANK3   BANK2
      Params:         2       0       0       0       0
      Locals:         2       0       0       0       0
      Temps:          2       0       0       0       0
      Totals:         6       0       0       0       0
Total ram usage:        6 bytes
 Hardware stack levels used:    1
 Hardware stack levels required when called:    1
 This function calls:
		_I2C_Master_Wait
 This function is called by:
		_main
 This function uses a non-reentrant model


 *************** function _I2C_Master_Wait *****************
 Defined at:
		line 33 in file "I2C.c"
 Parameters:    Size  Location     Type
		None
 Auto vars:     Size  Location     Type
		None
 Return value:  Size  Location     Type
                  1    wreg      void 
 Registers used:
		wreg, status,2
 Tracked objects:
		On entry : 
		On exit  : 
		Unchanged: 
 Data sizes:     COMMON   BANK0   BANK1   BANK3   BANK2
      Params:         0       0       0       0       0
      Locals:         0       0       0       0       0
      Temps:          0       0       0       0       0
      Totals:         0       0       0       0       0
Total ram usage:        0 bytes
 Hardware stack levels used:    1
 This function calls:
		Nothing
 This function is called by:
		_I2C_Master_Start
		_I2C_Master_Stop
		_I2C_Master_Write
		_I2C_Master_Read
		_I2C_Master_RepeatedStart
 This function uses a non-reentrant model


 *************** function _BCD *****************
 Defined at:
		line 51 in file "I2CM.c"
 Parameters:    Size  Location     Type
  to_convert      2    6[COMMON] int 
 Auto vars:     Size  Location     Type
		None
 Return value:  Size  Location     Type
                  2    6[COMMON] int 
 Registers used:
		wreg, status,2, status,0, pclath, cstack
 Tracked objects:
		On entry : 
		On exit  : 
		Unchanged: 
 Data sizes:     COMMON   BANK0   BANK1   BANK3   BANK2
      Params:         2       0       0       0       0
      Locals:         0       0       0       0       0
      Temps:          2       0       0       0       0
      Totals:         4       0       0       0       0
Total ram usage:        4 bytes
 Hardware stack levels used:    1
 Hardware stack levels required when called:    1
 This function calls:
		___wmul
 This function is called by:
		_main
 This function uses a non-reentrant model


 *************** function ___wmul *****************
 Defined at:
		line 15 in file "C:\Program Files (x86)\Microchip\xc8\v2.10\pic\sources\c90\common\Umul16.c"
 Parameters:    Size  Location     Type
  multiplier      2    0[COMMON] unsigned int 
  multiplicand    2    2[COMMON] unsigned int 
 Auto vars:     Size  Location     Type
  product         2    4[COMMON] unsigned int 
 Return value:  Size  Location     Type
                  2    0[COMMON] unsigned int 
 Registers used:
		wreg, status,2, status,0
 Tracked objects:
		On entry : 
		On exit  : 
		Unchanged: 
 Data sizes:     COMMON   BANK0   BANK1   BANK3   BANK2
      Params:         4       0       0       0       0
      Locals:         2       0       0       0       0
      Temps:          0       0       0       0       0
      Totals:         6       0       0       0       0
Total ram usage:        6 bytes
 Hardware stack levels used:    1
 This function calls:
		Nothing
 This function is called by:
		_BCD
 This function uses a non-reentrant model



MODULE INFORMATION

Module		Function		Class		Link	Load	Size
C:\Program Files (x86)\Microchip\xc8\v2.10\pic\sources\c90\common\lwdiv.c
		___lwdiv       		CODE           	0A52	0000	69

C:\Program Files (x86)\Microchip\xc8\v2.10\pic\sources\c90\common\lwdiv.c estimated size: 69

C:\Program Files (x86)\Microchip\xc8\v2.10\pic\sources\c90\common\fltol.c
		___fltol       		CODE           	0B4A	0000	123

C:\Program Files (x86)\Microchip\xc8\v2.10\pic\sources\c90\common\fltol.c estimated size: 123

C:\Program Files (x86)\Microchip\xc8\v2.10\pic\sources\c90\common\Umul16.c
		___wmul        		CODE           	08FF	0000	38

C:\Program Files (x86)\Microchip\xc8\v2.10\pic\sources\c90\common\Umul16.c estimated size: 38

LCD8bits.c
		_Lcd_Write_String		CODE           	0A10	0000	67
		_Lcd_Write_Number		CODE           	0899	0000	31
		_Lcd_Init      		CODE           	0A96	0000	79
		_Lcd_Write_Char		CODE           	085C	0000	16
		_Lcd_Cmd       		CODE           	086B	0000	21
		_Lcd_Set_Cursor		CODE           	08B7	0000	37
		_Lcd_Clear     		CODE           	084F	0000	14

LCD8bits.c estimated size: 265

I2C.c
		_I2C_Master_Read		CODE           	0970	0000	47
		_I2C_Master_Wait		CODE           	0842	0000	14
		_I2C_Master_Init		CODE           	099E	0000	57
		_I2C_Master_Stop		CODE           	17F7	0000	10
		_I2C_Master_Write		CODE           	0838	0000	11
		_I2C_Master_Start		CODE           	17EE	0000	10

I2C.c estimated size: 149

C:\Program Files (x86)\Microchip\xc8\v2.10\pic\sources\c90\common\sprcmul.c
		___flmul       		CODE           	048A	0000	866

C:\Program Files (x86)\Microchip\xc8\v2.10\pic\sources\c90\common\sprcmul.c estimated size: 866

C:\Program Files (x86)\Microchip\xc8\v2.10\pic\sources\c90\common\Umul8_16.c
		__Umul8_16     		CODE           	0949	0000	40

C:\Program Files (x86)\Microchip\xc8\v2.10\pic\sources\c90\common\Umul8_16.c estimated size: 40

C:\Program Files (x86)\Microchip\xc8\v2.10\pic\sources\c90\common\__lldiv.c
		___lldiv       		CODE           	0AE4	0000	103

C:\Program Files (x86)\Microchip\xc8\v2.10\pic\sources\c90\common\__lldiv.c estimated size: 103

C:\Program Files (x86)\Microchip\xc8\v2.10\pic\sources\c90\common\sprcdiv.c
		___fldiv       		CODE           	000A	0000	478

C:\Program Files (x86)\Microchip\xc8\v2.10\pic\sources\c90\common\sprcdiv.c estimated size: 478

C:\Program Files (x86)\Microchip\xc8\v2.10\pic\sources\c90\common\xxtofl.c
		___xxtofl      		CODE           	0BC4	0000	189

C:\Program Files (x86)\Microchip\xc8\v2.10\pic\sources\c90\common\xxtofl.c estimated size: 189

shared
		__stringtab    		STRING         	0800	0000	17
		_dpowers       		STRING         	0810	0000	11
		__initialization		CODE           	07EB	0000	18

shared estimated size: 46

I2CM.c
		_BCD           		CODE           	0924	0000	38
		_main          		CODE           	01E7	0000	676
		_setup         		CODE           	087F	0000	27

I2CM.c estimated size: 741

C:\Program Files (x86)\Microchip\xc8\v2.10\pic\sources\c90\common\lwmod.c
		___lwmod       		CODE           	09D6	0000	59

C:\Program Files (x86)\Microchip\xc8\v2.10\pic\sources\c90\common\lwmod.c estimated size: 59

C:\Program Files (x86)\Microchip\xc8\v2.10\pic\sources\c90\common\sprcadd.c
		___flsub       		CODE           	08DB	0000	37
		___fladd       		CODE           	0D68	0000	665

C:\Program Files (x86)\Microchip\xc8\v2.10\pic\sources\c90\common\sprcadd.c estimated size: 702

C:\Program Files (x86)\Microchip\xc8\v2.10\pic\sources\c90\common\doprnt.c
		_sprintf       		CODE           	0C80	0000	233

C:\Program Files (x86)\Microchip\xc8\v2.10\pic\sources\c90\common\doprnt.c estimated size: 233

