******************************************************************************
                  TI ARM Linker PC v20.2.0                     
******************************************************************************
>> Linked Tue May 26 07:36:26 2020

OUTPUT FILE NAME:   <Exp_3.out>
ENTRY POINT SYMBOL: "_c_int00_noargs"  address: 00000e9d


MEMORY CONFIGURATION

         name            origin    length      used     unused   attr    fill
----------------------  --------  ---------  --------  --------  ----  --------
  FLASH                 00000000   00040000  000013b6  0003ec4a  R  X
  SRAM                  20000000   00008000  00000209  00007df7  RW X


SEGMENT ALLOCATION MAP

run origin  load origin   length   init length attrs members
----------  ----------- ---------- ----------- ----- -------
00000000    00000000    000013b8   000013b8    r-x
  00000000    00000000    0000026c   0000026c    r-- .intvecs
  0000026c    0000026c    00000d6e   00000d6e    r-x .text
  00000fdc    00000fdc    000003ac   000003ac    r-- .const
  00001388    00001388    00000030   00000030    r-- .cinit
20000000    20000000    00000209   00000000    rw-
  20000000    20000000    00000200   00000000    rw- .stack
  20000200    20000200    00000005   00000000    rw- .bss
  20000205    20000205    00000004   00000000    rw- .data


SECTION ALLOCATION MAP

 output                                  attributes/
section   page    origin      length       input sections
--------  ----  ----------  ----------   ----------------
.intvecs   0    00000000    0000026c     
                  00000000    0000026c     tm4c123gh6pm_startup_ccs.obj (.intvecs)

.text      0    0000026c    00000d6e     
                  0000026c    000006ec     main.obj (.text)
                  00000958    00000132     driverlib.lib : gpio.obj (.text:GPIOPadConfigSet)
                  00000a8a    00000002     --HOLE-- [fill = 0]
                  00000a8c    00000110                   : sysctl.obj (.text:SysCtlClockGet)
                  00000b9c    000000f4                   : sysctl.obj (.text:SysCtlClockSet)
                  00000c90    0000009c     rtsv7M4_T_le_v4SPD16_eabi.lib : memcpy_t2.asm.obj (.text)
                  00000d2c    00000068                                   : copy_decompress_lzss.c.obj (.text:decompress:lzss:__TI_decompress_lzss)
                  00000d94    00000048     driverlib.lib : gpio.obj (.text:GPIOPinConfigure)
                  00000ddc    00000046                   : uart.obj (.text:UARTConfigSetExpClk)
                  00000e22    00000002     --HOLE-- [fill = 0]
                  00000e24    00000044     rtsv7M4_T_le_v4SPD16_eabi.lib : autoinit.c.obj (.text:__TI_auto_init_nobinit_nopinit:__TI_auto_init_nobinit_nopinit)
                  00000e68    00000034     driverlib.lib : sysctl.obj (.text:SysCtlPeripheralEnable)
                  00000e9c    00000034     rtsv7M4_T_le_v4SPD16_eabi.lib : boot_cortex_m.c.obj (.text:_c_int00_noargs:_c_int00_noargs)
                  00000ed0    0000002a     driverlib.lib : gpio.obj (.text:GPIODirModeSet)
                  00000efa    00000002     --HOLE-- [fill = 0]
                  00000efc    00000020                   : uart.obj (.text:UARTDisable)
                  00000f1c    0000001c     rtsv7M4_T_le_v4SPD16_eabi.lib : copy_zero_init.c.obj (.text:decompress:ZI:__TI_zero_init_nomemset:__TI_zero_init_nomemset)
                  00000f38    00000018     driverlib.lib : gpio.obj (.text:GPIOPinTypeGPIOOutput)
                  00000f50    00000014                   : uart.obj (.text:UARTEnable)
                  00000f64    00000014     rtsv7M4_T_le_v4SPD16_eabi.lib : strlen.c.obj (.text:strlen)
                  00000f78    00000012     driverlib.lib : gpio.obj (.text:GPIOPinTypeGPIOInput)
                  00000f8a    00000012                   : gpio.obj (.text:GPIOPinTypeUART)
                  00000f9c    0000000e     rtsv7M4_T_le_v4SPD16_eabi.lib : copy_decompress_none.c.obj (.text:decompress:none:__TI_decompress_none)
                  00000faa    0000000c     tm4c123gh6pm_startup_ccs.obj (.text)
                  00000fb6    0000000a     driverlib.lib : uart.obj (.text:UARTCharPut)
                  00000fc0    00000006                   : gpio.obj (.text:GPIOPinRead)
                  00000fc6    00000006                   : gpio.obj (.text:GPIOPinWrite)
                  00000fcc    00000006                   : sysctl.obj (.text:SysCtlDelay)
                  00000fd2    00000004     rtsv7M4_T_le_v4SPD16_eabi.lib : pre_init.c.obj (.text:_system_pre_init)
                  00000fd6    00000004                                   : exit.c.obj (.text:abort:abort)

.const     0    00000fdc    000003ac     
                  00000fdc    000002ae     main.obj (.const:.string)
                  0000128a    00000002     --HOLE-- [fill = 0]
                  0000128c    00000090     driverlib.lib : gpio.obj (.const:g_pui32GPIOBaseAddrs)
                  0000131c    0000006c                   : sysctl.obj (.const:g_pui32Xtals)

.cinit     0    00001388    00000030     
                  00001388    0000000c     (__TI_handler_table)
                  00001394    00000004     --HOLE-- [fill = 0]
                  00001398    00000008     (.cinit..bss.load) [load image, compression = zero_init]
                  000013a0    00000008     (.cinit..data.load) [load image, compression = lzss]
                  000013a8    00000010     (__TI_cinit_table)

.init_array 
*          0    00000000    00000000     UNINITIALIZED

.bss       0    20000200    00000005     UNINITIALIZED
                  20000200    00000004     (.common:colord)
                  20000204    00000001     (.common:d)

.data      0    20000205    00000004     UNINITIALIZED
                  20000205    00000004     main.obj (.data)

.stack     0    20000000    00000200     UNINITIALIZED
                  20000000    00000004     rtsv7M4_T_le_v4SPD16_eabi.lib : boot_cortex_m.c.obj (.stack)
                  20000004    000001fc     --HOLE--

__llvm_prf_cnts 
*          0    20000000    00000000     UNINITIALIZED

MODULE SUMMARY

       Module                         code   ro data   rw data
       ------                         ----   -------   -------
    .\
       main.obj                       1772   686       9      
       tm4c123gh6pm_startup_ccs.obj   12     620       0      
    +--+------------------------------+------+---------+---------+
       Total:                         1784   1306      9      
                                                              
    C:/ti/TivaWare_C_Series-2.1.4.178/driverlib/ccs/Debug/driverlib.lib
       sysctl.obj                     574    108       0      
       gpio.obj                       492    144       0      
       uart.obj                       132    0         0      
    +--+------------------------------+------+---------+---------+
       Total:                         1198   252       0      
                                                              
    C:\ti\ccs1000\ccs\tools\compiler\ti-cgt-arm_20.2.0.LTS\lib\rtsv7M4_T_le_v4SPD16_eabi.lib
       memcpy_t2.asm.obj              156    0         0      
       copy_decompress_lzss.c.obj     104    0         0      
       autoinit.c.obj                 68     0         0      
       boot_cortex_m.c.obj            52     0         0      
       copy_zero_init.c.obj           28     0         0      
       strlen.c.obj                   20     0         0      
       copy_decompress_none.c.obj     14     0         0      
       exit.c.obj                     4      0         0      
       pre_init.c.obj                 4      0         0      
    +--+------------------------------+------+---------+---------+
       Total:                         450    0         0      
                                                              
       Stack:                         0      0         512    
       Linker Generated:              0      44        0      
    +--+------------------------------+------+---------+---------+
       Grand Total:                   3432   1602      521    


LINKER GENERATED COPY TABLES

__TI_cinit_table @ 000013a8 records: 2, size/record: 8, table size: 16
	.bss: load addr=00001398, load size=00000008 bytes, run addr=20000200, run size=00000005 bytes, compression=zero_init
	.data: load addr=000013a0, load size=00000008 bytes, run addr=20000205, run size=00000004 bytes, compression=lzss


LINKER GENERATED HANDLER TABLE

__TI_handler_table @ 00001388 records: 3, size/record: 4, table size: 12
	index: 0, handler: __TI_decompress_lzss
	index: 1, handler: __TI_decompress_none
	index: 2, handler: __TI_zero_init


GLOBAL SYMBOLS: SORTED ALPHABETICALLY BY Name 

address   name                          
-------   ----                          
00000fd7  C$$EXIT                       
00000ed1  GPIODirModeSet                
00000959  GPIOPadConfigSet              
00000d95  GPIOPinConfigure              
00000fc1  GPIOPinRead                   
00000f79  GPIOPinTypeGPIOInput          
00000f39  GPIOPinTypeGPIOOutput         
00000f8b  GPIOPinTypeUART               
00000fc7  GPIOPinWrite                  
20000205  Pin                           
00000fab  ResetISR                      
00000a8d  SysCtlClockGet                
00000b9d  SysCtlClockSet                
00000fcd  SysCtlDelay                   
00000e69  SysCtlPeripheralEnable        
00000fb7  UARTCharPut                   
00000ddd  UARTConfigSetExpClk           
00000efd  UARTDisable                   
00000f51  UARTEnable                    
20000200  __STACK_END                   
00000200  __STACK_SIZE                  
20000200  __STACK_TOP                   
000013a8  __TI_CINIT_Base               
000013b8  __TI_CINIT_Limit              
00001388  __TI_Handler_Table_Base       
00001394  __TI_Handler_Table_Limit      
00000e25  __TI_auto_init_nobinit_nopinit
00000d2d  __TI_decompress_lzss          
00000f9d  __TI_decompress_none          
ffffffff  __TI_pprof_out_hndl           
ffffffff  __TI_prof_data_size           
ffffffff  __TI_prof_data_start          
00000000  __TI_static_base__            
00000f1d  __TI_zero_init_nomemset       
00000c91  __aeabi_memcpy                
00000c91  __aeabi_memcpy4               
00000c91  __aeabi_memcpy8               
ffffffff  __binit__                     
ffffffff  __c_args__                    
UNDEFED   __mpu_init                    
20000000  __stack                       
20000000  __start___llvm_prf_cnts       
20000000  __stop___llvm_prf_cnts        
00000e9d  _c_int00_noargs               
UNDEFED   _system_post_cinit            
00000fd3  _system_pre_init              
00000fd7  abort                         
20000207  apachado                      
20000208  apachado2                     
ffffffff  binit                         
20000200  colord                        
20000204  d                             
00000000  g_pfnVectors                  
000003ab  init                          
20000206  led                           
0000050d  led1                          
0000026d  main                          
00000c91  memcpy                        
0000040d  send                          
00000f65  strlen                        


GLOBAL SYMBOLS: SORTED BY Symbol Address 

address   name                          
-------   ----                          
00000000  __TI_static_base__            
00000000  g_pfnVectors                  
00000200  __STACK_SIZE                  
0000026d  main                          
000003ab  init                          
0000040d  send                          
0000050d  led1                          
00000959  GPIOPadConfigSet              
00000a8d  SysCtlClockGet                
00000b9d  SysCtlClockSet                
00000c91  __aeabi_memcpy                
00000c91  __aeabi_memcpy4               
00000c91  __aeabi_memcpy8               
00000c91  memcpy                        
00000d2d  __TI_decompress_lzss          
00000d95  GPIOPinConfigure              
00000ddd  UARTConfigSetExpClk           
00000e25  __TI_auto_init_nobinit_nopinit
00000e69  SysCtlPeripheralEnable        
00000e9d  _c_int00_noargs               
00000ed1  GPIODirModeSet                
00000efd  UARTDisable                   
00000f1d  __TI_zero_init_nomemset       
00000f39  GPIOPinTypeGPIOOutput         
00000f51  UARTEnable                    
00000f65  strlen                        
00000f79  GPIOPinTypeGPIOInput          
00000f8b  GPIOPinTypeUART               
00000f9d  __TI_decompress_none          
00000fab  ResetISR                      
00000fb7  UARTCharPut                   
00000fc1  GPIOPinRead                   
00000fc7  GPIOPinWrite                  
00000fcd  SysCtlDelay                   
00000fd3  _system_pre_init              
00000fd7  C$$EXIT                       
00000fd7  abort                         
00001388  __TI_Handler_Table_Base       
00001394  __TI_Handler_Table_Limit      
000013a8  __TI_CINIT_Base               
000013b8  __TI_CINIT_Limit              
20000000  __stack                       
20000000  __start___llvm_prf_cnts       
20000000  __stop___llvm_prf_cnts        
20000200  __STACK_END                   
20000200  __STACK_TOP                   
20000200  colord                        
20000204  d                             
20000205  Pin                           
20000206  led                           
20000207  apachado                      
20000208  apachado2                     
ffffffff  __TI_pprof_out_hndl           
ffffffff  __TI_prof_data_size           
ffffffff  __TI_prof_data_start          
ffffffff  __binit__                     
ffffffff  __c_args__                    
ffffffff  binit                         
UNDEFED   __mpu_init                    
UNDEFED   _system_post_cinit            

[60 symbols]
